<html>
<body>
<pre>
<h1>礦ision Build Log</h1>
<h2>Tool Versions:</h2>
IDE-Version: μVision V5.14.0.0
Copyright (C) 2015 ARM Ltd and ARM Germany GmbH. All rights reserved.
License Information: dyq abc, cau, LIC=V859U-S2PBT-ULNCE-5EL57-AANNS-03DYS
 
Tool Versions:
Toolchain:       MDK-ARM Professional  Version: 5.14.0.0
Toolchain Path:  C:\software\ARM\ARMCC\Bin
C Compiler:      Armcc.exe V5.05 update 1 (build 106)
Assembler:       Armasm.exe V5.05 update 1 (build 106)
Linker/Locator:  ArmLink.exe V5.05 update 1 (build 106)
Library Manager: ArmAr.exe V5.05 update 1 (build 106)
Hex Converter:   FromElf.exe V5.05 update 1 (build 106)
CPU DLL:         SARMCM3.DLL V5.14.0.0
Dialog DLL:      DCM.DLL V1.13.1.0
Target DLL:      STLink\ST-LINKIII-KEIL_SWO.dll V2.0.14.0_KEIL
Dialog DLL:      TCM.DLL V1.14.4.0
 
<h2>Project:</h2>
F:\基于GPS和GPRS的农机具定位系统\基于GPS和GPRS的农机具定位系统\MCU精简版\USER\IOT_Passthrough.uvprojx
Project File Date:  04/02/2018

<h2>Output:</h2>
Rebuild target 'IOT_GPS'
compiling main.c...
compiling stm32f10x_it.c...
compiling system_stm32f10x.c...
compiling usart2.c...
compiling usart3.c...
compiling gps.c...
compiling led.c...
compiling key.c...
compiling timer.c...
compiling common.c...
compiling delay.c...
compiling sys.c...
compiling usart.c...
compiling core_cm3.c...
assembling startup_stm32f10x_hd.s...
compiling misc.c...
compiling stm32f10x_gpio.c...
compiling stm32f10x_rcc.c...
compiling stm32f10x_tim.c...
compiling stm32f10x_usart.c...
compiling stm32f10x_fsmc.c...
compiling gizwits_product.c...
compiling gizwits_protocol.c...
..\Gizwits\gizwits_protocol.c(465): warning:  #223-D: function "gizGetTimerCount" declared implicitly
      gizwitsProtocol.waitAck.sendTime = gizGetTimerCount();
..\Gizwits\gizwits_protocol.c(602): warning:  #223-D: function "gizGetTimerCount" declared implicitly
          if(gizGetTimerCount()-lastReportTime >= REPORT_TIME_MAX)
..\Gizwits\gizwits_protocol.c(815): warning:  #223-D: function "gizGetTimerCount" declared implicitly
      if(0 == (gizGetTimerCount() % (600000)))
..\Gizwits\gizwits_protocol.c(966): warning:  #223-D: function "gizGetTimerCount" declared implicitly
      gizwitsProtocol.waitAck.sendTime = gizGetTimerCount();
..\Gizwits\gizwits_protocol.c(1042): warning:  #223-D: function "gizGetTimerCount" declared implicitly
              if(SEND_MAX_TIME < (gizGetTimerCount() - gizwitsProtocol.waitAck.sendTime))
..\Gizwits\gizwits_protocol.c(1107): warning:  #1029-D: __packed ignored for non-pointer parameter
  static int32_t gizProtocolErrorCmd(protocolHead_t *head,errorPacketsType_t errno)
..\Gizwits\gizwits_protocol.c(1144): warning:  #177-D: variable "ret" was declared but never referenced
      int32_t ret = 0;
..\Gizwits\gizwits_protocol.c(1175): warning:  #223-D: function "gizGetTimerCount" declared implicitly
      uint32_t timeDelay = gizGetTimerCount();
..\Gizwits\gizwits_protocol.c(1515): warning:  #223-D: function "gizGetTimerCount" declared implicitly
          GIZWITS_LOG("WiFi2MCU[%4d:%4d]: ", gizGetTimerCount(), protocolLen);
..\Gizwits\gizwits_protocol.c(1584): warning:  #223-D: function "gizwitsEventProcess" declared implicitly
              gizwitsEventProcess(&gizwitsProtocol.issuedProcessEvent, (uint8_t *)&gizwitsProtocol.gizCurrentDataPoint, sizeof(dataPoint_t));
..\Gizwits\gizwits_protocol.c(39): warning:  #177-D: function "rbDelete" was declared but never referenced
  static void rbDelete(rb_t* rb)
..\Gizwits\gizwits_protocol.c(359): warning:  #177-D: function "gizY2XFloat" was declared but never referenced
  static uint32_t gizY2XFloat(float ratio, float addition, float preValue)
..\Gizwits\gizwits_protocol.c(378): warning:  #177-D: function "gizX2YFloat" was declared but never referenced
  static float gizX2YFloat(float ratio, float addition, uint32_t preValue)
..\Gizwits\gizwits_protocol.c(485): warning:  #177-D: function "gizCompressValue" was declared but never referenced
  static int32_t ICACHE_FLASH_ATTR gizCompressValue(uint32_t byteOffset,uint32_t bitOffset,uint32_t bitLen,uint8_t *bufAddr,uint32_t srcData)
..\Gizwits\gizwits_protocol.c: 14 warnings, 0 errors
compiling ringbuffer.c...
linking...
Program Size: Code=23400 RO-data=784 RW-data=76 ZI-data=12028  
FromELF: creating hex file...
"..\OBJ\IOT_Passthrough.axf" - 0 Error(s), 14 Warning(s).

<h2>Collection of Component include folders:</h2>
  F:\基于GPS和GPRS的农机具定位系统\基于GPS和GPRS的农机具定位系统\MCU精简版\USER\RTE
  C:\software\ARM\PACK\Keil\STM32F1xx_DFP\1.0.5\Device\Include

<h2>Collection of Component Files used:</h2>
</pre>
</body>
</html>
