Component: ARM Compiler 5.05 update 1 (build 106) Tool: armlink [4d0efa]

==============================================================================

Section Cross References

    main.o(.text) refers to timer.o(.text) for TIM3_Int_Init
    main.o(.text) refers to usart3.o(.text) for usart3_init
    main.o(.text) refers to gizwits_protocol.o(.text) for gizwitsInit
    main.o(.text) refers to delay.o(.text) for delay_init
    main.o(.text) refers to misc.o(.text) for NVIC_PriorityGroupConfig
    main.o(.text) refers to usart.o(.text) for uart_init
    main.o(.text) refers to usart2.o(.text) for USART2_Init
    main.o(.text) refers to led.o(.text) for LED_Init
    main.o(.text) refers to key.o(.text) for KEY_Init
    main.o(.text) refers to noretval__2printf.o(.text) for __2printf
    main.o(.text) refers to gps.o(.text) for GPS_Analysis
    main.o(.text) refers to main.o(.bss) for currentDataPoint
    main.o(.text) refers to usart2.o(.data) for USART2_RX_STA
    main.o(.text) refers to usart2.o(.bss) for USART2_RX_BUF
    main.o(.text) refers to main.o(.data) for wifi_sta
    system_stm32f10x.o(.text) refers to system_stm32f10x.o(.data) for SystemCoreClock
    usart2.o(.text) refers to stm32f10x_tim.o(.text) for TIM_SetCounter
    usart2.o(.text) refers to stm32f10x_rcc.o(.text) for RCC_APB1PeriphClockCmd
    usart2.o(.text) refers to misc.o(.text) for NVIC_Init
    usart2.o(.text) refers to stm32f10x_usart.o(.text) for USART_DeInit
    usart2.o(.text) refers to stm32f10x_gpio.o(.text) for GPIO_Init
    usart2.o(.text) refers to usart2.o(.data) for USART2_RX_STA
    usart2.o(.text) refers to usart2.o(.bss) for USART2_RX_BUF
    usart3.o(.text) refers to stm32f10x_usart.o(.text) for USART_GetITStatus
    usart3.o(.text) refers to gizwits_protocol.o(.text) for gizPutData
    usart3.o(.text) refers to stm32f10x_rcc.o(.text) for RCC_APB2PeriphClockCmd
    usart3.o(.text) refers to stm32f10x_gpio.o(.text) for GPIO_Init
    usart3.o(.text) refers to misc.o(.text) for NVIC_Init
    gps.o(.text) refers to strstr.o(.text) for strstr
    gps.o(.text) refers to fflt_clz.o(x$fpl$ffltu) for __aeabi_ui2f
    gps.o(.text) refers to fmul.o(x$fpl$fmul) for __aeabi_fmul
    gps.o(.text) refers to fdiv.o(x$fpl$fdiv) for __aeabi_fdiv
    gps.o(.text) refers to faddsub_clz.o(x$fpl$fadd) for __aeabi_fadd
    gps.o(.text) refers to ffixu.o(x$fpl$ffixu) for __aeabi_f2uiz
    led.o(.text) refers to stm32f10x_rcc.o(.text) for RCC_APB2PeriphClockCmd
    led.o(.text) refers to stm32f10x_gpio.o(.text) for GPIO_Init
    key.o(.text) refers to stm32f10x_rcc.o(.text) for RCC_APB2PeriphClockCmd
    key.o(.text) refers to stm32f10x_gpio.o(.text) for GPIO_PinRemapConfig
    key.o(.text) refers to delay.o(.text) for delay_ms
    key.o(.text) refers to key.o(.data) for key_up
    timer.o(.text) refers to stm32f10x_rcc.o(.text) for RCC_APB1PeriphClockCmd
    timer.o(.text) refers to stm32f10x_tim.o(.text) for TIM_TimeBaseInit
    timer.o(.text) refers to misc.o(.text) for NVIC_Init
    timer.o(.text) refers to gizwits_product.o(.text) for gizTimerMs
    common.o(.text) refers to strlen.o(.text) for strlen
    common.o(.text) refers to rt_memcpy_w.o(.text) for __aeabi_memcpy4
    common.o(.text) refers to toupper.o(.text) for toupper
    common.o(.text) refers to common.o(.constdata) for .constdata
    delay.o(.text) refers to misc.o(.text) for SysTick_CLKSourceConfig
    delay.o(.text) refers to system_stm32f10x.o(.data) for SystemCoreClock
    delay.o(.text) refers to delay.o(.data) for fac_us
    usart.o(.text) refers (Special) to use_no_semi_2.o(.text) for __use_no_semihosting
    usart.o(.text) refers to stm32f10x_rcc.o(.text) for RCC_APB2PeriphClockCmd
    usart.o(.text) refers to stm32f10x_gpio.o(.text) for GPIO_Init
    usart.o(.text) refers to misc.o(.text) for NVIC_Init
    usart.o(.text) refers to stm32f10x_usart.o(.text) for USART_Init
    usart.o(.text) refers to usart.o(.data) for USART_RX_STA
    usart.o(.text) refers to usart.o(.bss) for USART_RX_BUF
    usart.o(.bss) refers (Special) to use_no_semi_2.o(.text) for __use_no_semihosting
    usart.o(.data) refers (Special) to use_no_semi_2.o(.text) for __use_no_semihosting
    startup_stm32f10x_hd.o(STACK) refers (Special) to heapauxi.o(.text) for __use_two_region_memory
    startup_stm32f10x_hd.o(HEAP) refers (Special) to heapauxi.o(.text) for __use_two_region_memory
    startup_stm32f10x_hd.o(RESET) refers (Special) to heapauxi.o(.text) for __use_two_region_memory
    startup_stm32f10x_hd.o(RESET) refers to startup_stm32f10x_hd.o(STACK) for __initial_sp
    startup_stm32f10x_hd.o(RESET) refers to startup_stm32f10x_hd.o(.text) for Reset_Handler
    startup_stm32f10x_hd.o(RESET) refers to stm32f10x_it.o(.text) for NMI_Handler
    startup_stm32f10x_hd.o(RESET) refers to timer.o(.text) for TIM3_IRQHandler
    startup_stm32f10x_hd.o(RESET) refers to usart2.o(.text) for TIM4_IRQHandler
    startup_stm32f10x_hd.o(RESET) refers to usart.o(.text) for USART1_IRQHandler
[...]
    ../clib/printf_percent.s                 0x00000000   Number         0  _printf_percent.o ABSOLUTE
    ../clib/printf_percent.s                 0x00000000   Number         0  _printf_x.o ABSOLUTE
    ../clib/printf_percent.s                 0x00000000   Number         0  _printf_percent_end.o ABSOLUTE
    ../clib/signal.c                         0x00000000   Number         0  defsig_abrt_inner.o ABSOLUTE
    ../clib/signal.c                         0x00000000   Number         0  defsig_fpe_inner.o ABSOLUTE
    ../clib/signal.c                         0x00000000   Number         0  defsig_rtred_inner.o ABSOLUTE
    ../clib/signal.c                         0x00000000   Number         0  defsig_exit.o ABSOLUTE
    ../clib/signal.c                         0x00000000   Number         0  defsig_stak_inner.o ABSOLUTE
    ../clib/signal.c                         0x00000000   Number         0  defsig_rtmem_outer.o ABSOLUTE
    ../clib/signal.c                         0x00000000   Number         0  defsig_pvfn_inner.o ABSOLUTE
    ../clib/signal.c                         0x00000000   Number         0  defsig_rtmem_formal.o ABSOLUTE
    ../clib/signal.c                         0x00000000   Number         0  defsig_cppl_inner.o ABSOLUTE
    ../clib/signal.c                         0x00000000   Number         0  defsig_segv_inner.o ABSOLUTE
    ../clib/signal.c                         0x00000000   Number         0  defsig_other.o ABSOLUTE
    ../clib/signal.c                         0x00000000   Number         0  defsig_rtmem_inner.o ABSOLUTE
    ../clib/signal.c                         0x00000000   Number         0  __raise.o ABSOLUTE
    ../clib/signal.c                         0x00000000   Number         0  defsig_general.o ABSOLUTE
    ../clib/signal.s                         0x00000000   Number         0  defsig.o ABSOLUTE
    ../clib/stdio.c                          0x00000000   Number         0  ferror.o ABSOLUTE
    ../clib/stdio.c                          0x00000000   Number         0  ferror_locked.o ABSOLUTE
    ../clib/stdlib.c                         0x00000000   Number         0  exit.o ABSOLUTE
    ../clib/string.c                         0x00000000   Number         0  strstr.o ABSOLUTE
    ../clib/string.c                         0x00000000   Number         0  strlen.o ABSOLUTE
    ../fplib/faddsub.s                       0x00000000   Number         0  faddsub_clz.o ABSOLUTE
    ../fplib/fdiv.s                          0x00000000   Number         0  fdiv.o ABSOLUTE
    ../fplib/ffixu.s                         0x00000000   Number         0  ffixu.o ABSOLUTE
    ../fplib/fflt.s                          0x00000000   Number         0  fflt_clz.o ABSOLUTE
    ../fplib/fmul.s                          0x00000000   Number         0  fmul.o ABSOLUTE
    ../fplib/fnaninf.s                       0x00000000   Number         0  fnaninf.o ABSOLUTE
    ../fplib/fpinit.s                        0x00000000   Number         0  fpinit.o ABSOLUTE
    ../fplib/fretinf.s                       0x00000000   Number         0  fretinf.o ABSOLUTE
    ../fplib/usenofp.s                       0x00000000   Number         0  usenofp.o ABSOLUTE
    ..\CORE\core_cm3.c                       0x00000000   Number         0  core_cm3.o ABSOLUTE
    ..\CORE\startup_stm32f10x_hd.s           0x00000000   Number         0  startup_stm32f10x_hd.o ABSOLUTE
    ..\Gizwits\gizwits_product.c             0x00000000   Number         0  gizwits_product.o ABSOLUTE
    ..\Gizwits\gizwits_protocol.c            0x00000000   Number         0  gizwits_protocol.o ABSOLUTE
    ..\Gizwits\ringbuffer.c                  0x00000000   Number         0  ringbuffer.o ABSOLUTE
    ..\HARDWARE\COMMEN\common.c              0x00000000   Number         0  common.o ABSOLUTE
    ..\HARDWARE\GPS\gps.c                    0x00000000   Number         0  gps.o ABSOLUTE
    ..\HARDWARE\KEY\key.c                    0x00000000   Number         0  key.o ABSOLUTE
    ..\HARDWARE\LED\led.c                    0x00000000   Number         0  led.o ABSOLUTE
    ..\HARDWARE\TIMER\timer.c                0x00000000   Number         0  timer.o ABSOLUTE
    ..\HARDWARE\USART2\usart2.c              0x00000000   Number         0  usart2.o ABSOLUTE
    ..\HARDWARE\USART3\usart3.c              0x00000000   Number         0  usart3.o ABSOLUTE
    ..\STM32F10x_FWLib\src\misc.c            0x00000000   Number         0  misc.o ABSOLUTE
    ..\STM32F10x_FWLib\src\stm32f10x_fsmc.c  0x00000000   Number         0  stm32f10x_fsmc.o ABSOLUTE
    ..\STM32F10x_FWLib\src\stm32f10x_gpio.c  0x00000000   Number         0  stm32f10x_gpio.o ABSOLUTE
    ..\STM32F10x_FWLib\src\stm32f10x_rcc.c   0x00000000   Number         0  stm32f10x_rcc.o ABSOLUTE
    ..\STM32F10x_FWLib\src\stm32f10x_tim.c   0x00000000   Number         0  stm32f10x_tim.o ABSOLUTE
    ..\STM32F10x_FWLib\src\stm32f10x_usart.c 0x00000000   Number         0  stm32f10x_usart.o ABSOLUTE
    ..\SYSTEM\delay\delay.c                  0x00000000   Number         0  delay.o ABSOLUTE
    ..\SYSTEM\sys\sys.c                      0x00000000   Number         0  sys.o ABSOLUTE
    ..\SYSTEM\usart\usart.c                  0x00000000   Number         0  usart.o ABSOLUTE
    ..\\CORE\\core_cm3.c                     0x00000000   Number         0  core_cm3.o ABSOLUTE
    ..\\SYSTEM\\sys\\sys.c                   0x00000000   Number         0  sys.o ABSOLUTE
    dc.s                                     0x00000000   Number         0  dc.o ABSOLUTE
    main.c                                   0x00000000   Number         0  main.o ABSOLUTE
    stm32f10x_it.c                           0x00000000   Number         0  stm32f10x_it.o ABSOLUTE
    system_stm32f10x.c                       0x00000000   Number         0  system_stm32f10x.o ABSOLUTE
    RESET                                    0x08000000   Section      304  startup_stm32f10x_hd.o(RESET)
    !!!main                                  0x08000130   Section        8  __main.o(!!!main)
    !!!scatter                               0x08000138   Section       52  __scatter.o(!!!scatter)
    !!handler_copy                           0x0800016c   Section       26  __scatter_copy.o(!!handler_copy)
    !!handler_zi                             0x08000188   Section       28  __scatter_zi.o(!!handler_zi)
    .ARM.Collect$$_printf_percent$$00000000  0x080001a4   Section        0  _printf_percent.o(.ARM.Collect$$_printf_percent$$00000000)
    .ARM.Collect$$_printf_percent$$00000009  0x080001a4   Section        6  _printf_d.o(.ARM.Collect$$_printf_percent$$00000009)
    .ARM.Collect$$_printf_percent$$0000000C  0x080001aa   Section        6  _printf_x.o(.ARM.Collect$$_printf_percent$$0000000C)
    .ARM.Collect$$_printf_percent$$00000017  0x080001b0   Section        4  _printf_percent_end.o(.ARM.Collect$$_printf_percent$$00000017)
    .ARM.Collect$$libinit$$00000000          0x080001b4   Section        2  libinit.o(.ARM.Collect$$libinit$$00000000)
    .ARM.Collect$$libinit$$00000002          0x080001b6   Section        0  libinit2.o(.ARM.Collect$$libinit$$00000002)
    .ARM.Collect$$libinit$$00000004          0x080001b6   Section        0  libinit2.o(.ARM.Collect$$libinit$$00000004)
    .ARM.Collect$$libinit$$0000000A          0x080001b6   Section        0  libinit2.o(.ARM.Collect$$libinit$$0000000A)
    .ARM.Collect$$libinit$$0000000C          0x080001b6   Section        0  libinit2.o(.ARM.Collect$$libinit$$0000000C)
    .ARM.Collect$$libinit$$0000000E          0x080001b6   Section        0  libinit2.o(.ARM.Collect$$libinit$$0000000E)
    .ARM.Collect$$libinit$$0000000F          0x080001b6   Section        6  libinit2.o(.ARM.Collect$$libinit$$0000000F)
    .ARM.Collect$$libinit$$00000011          0x080001bc   Section        0  libinit2.o(.ARM.Collect$$libinit$$00000011)
    .ARM.Collect$$libinit$$00000012          0x080001bc   Section       12  libinit2.o(.ARM.Collect$$libinit$$00000012)
    .ARM.Collect$$libinit$$00000013          0x080001c8   Section        0  libinit2.o(.ARM.Collect$$libinit$$00000013)
    .ARM.Collect$$libinit$$00000015          0x080001c8   Section        0  libinit2.o(.ARM.Collect$$libinit$$00000015)
    .ARM.Collect$$libinit$$00000017          0x080001c8   Section        0  libinit2.o(.ARM.Collect$$libinit$$00000017)
    .ARM.Collect$$libinit$$00000019          0x080001c8   Section        0  libinit2.o(.ARM.Collect$$libinit$$00000019)
    .ARM.Collect$$libinit$$0000001B          0x080001c8   Section        0  libinit2.o(.ARM.Collect$$libinit$$0000001B)
    .ARM.Collect$$libinit$$0000001D          0x080001c8   Section        0  libinit2.o(.ARM.Collect$$libinit$$0000001D)
    .ARM.Collect$$libinit$$0000001F          0x080001c8   Section        0  libinit2.o(.ARM.Collect$$libinit$$0000001F)
    .ARM.Collect$$libinit$$00000021          0x080001c8   Section        0  libinit2.o(.ARM.Collect$$libinit$$00000021)
    .ARM.Collect$$libinit$$00000023          0x080001c8   Section        0  libinit2.o(.ARM.Collect$$libinit$$00000023)
    .ARM.Collect$$libinit$$00000025          0x080001c8   Section        0  libinit2.o(.ARM.Collect$$libinit$$00000025)
    .ARM.Collect$$libinit$$0000002C          0x080001c8   Section        0  libinit2.o(.ARM.Collect$$libinit$$0000002C)
    .ARM.Collect$$libinit$$0000002E          0x080001c8   Section        0  libinit2.o(.ARM.Collect$$libinit$$0000002E)
    .ARM.Collect$$libinit$$00000030          0x080001c8   Section        0  libinit2.o(.ARM.Collect$$libinit$$00000030)
    .ARM.Collect$$libinit$$00000032          0x080001c8   Section        0  libinit2.o(.ARM.Collect$$libinit$$00000032)
    .ARM.Collect$$libinit$$00000033          0x080001c8   Section        2  libinit2.o(.ARM.Collect$$libinit$$00000033)
    .ARM.Collect$$libshutdown$$00000000      0x080001ca   Section        2  libshutdown.o(.ARM.Collect$$libshutdown$$00000000)
    .ARM.Collect$$libshutdown$$00000003      0x080001cc   Section        0  libshutdown2.o(.ARM.Collect$$libshutdown$$00000003)
    .ARM.Collect$$libshutdown$$00000006      0x080001cc   Section        0  libshutdown2.o(.ARM.Collect$$libshutdown$$00000006)
    .ARM.Collect$$libshutdown$$00000009      0x080001cc   Section        0  libshutdown2.o(.ARM.Collect$$libshutdown$$00000009)
    .ARM.Collect$$libshutdown$$0000000B      0x080001cc   Section        0  libshutdown2.o(.ARM.Collect$$libshutdown$$0000000B)
    .ARM.Collect$$libshutdown$$0000000E      0x080001cc   Section        0  libshutdown2.o(.ARM.Collect$$libshutdown$$0000000E)
    .ARM.Collect$$libshutdown$$0000000F      0x080001cc   Section        2  libshutdown2.o(.ARM.Collect$$libshutdown$$0000000F)
    .ARM.Collect$$rtentry$$00000000          0x080001ce   Section        0  __rtentry.o(.ARM.Collect$$rtentry$$00000000)
    .ARM.Collect$$rtentry$$00000002          0x080001ce   Section        0  __rtentry2.o(.ARM.Collect$$rtentry$$00000002)
    .ARM.Collect$$rtentry$$00000004          0x080001ce   Section        6  __rtentry4.o(.ARM.Collect$$rtentry$$00000004)
    .ARM.Collect$$rtentry$$00000009          0x080001d4   Section        0  __rtentry2.o(.ARM.Collect$$rtentry$$00000009)
    .ARM.Collect$$rtentry$$0000000A          0x080001d4   Section        4  __rtentry2.o(.ARM.Collect$$rtentry$$0000000A)
    .ARM.Collect$$rtentry$$0000000C          0x080001d8   Section        0  __rtentry2.o(.ARM.Collect$$rtentry$$0000000C)
    .ARM.Collect$$rtentry$$0000000D          0x080001d8   Section        8  __rtentry2.o(.ARM.Collect$$rtentry$$0000000D)
    .ARM.Collect$$rtexit$$00000000           0x080001e0   Section        2  rtexit.o(.ARM.Collect$$rtexit$$00000000)
    .ARM.Collect$$rtexit$$00000002           0x080001e2   Section        0  rtexit2.o(.ARM.Collect$$rtexit$$00000002)
    .ARM.Collect$$rtexit$$00000003           0x080001e2   Section        4  rtexit2.o(.ARM.Collect$$rtexit$$00000003)
    .ARM.Collect$$rtexit$$00000004           0x080001e6   Section        6  rtexit2.o(.ARM.Collect$$rtexit$$00000004)
    .text                                    0x080001ec   Section        0  main.o(.text)
    .text                                    0x08000384   Section        0  stm32f10x_it.o(.text)
    .text                                    0x080003a0   Section        0  system_stm32f10x.o(.text)
    SetSysClockTo72                          0x080003a1   Thumb Code   214  system_stm32f10x.o(.text)
    SetSysClock                              0x08000477   Thumb Code     8  system_stm32f10x.o(.text)
    .text                                    0x08000580   Section        0  usart2.o(.text)
    .text                                    0x0800073c   Section        0  usart3.o(.text)
    .text                                    0x0800080c   Section        0  gps.o(.text)
    .text                                    0x08000f84   Section        0  led.o(.text)
    .text                                    0x08000fdc   Section        0  key.o(.text)
    .text                                    0x080010d8   Section        0  timer.o(.text)
    .text                                    0x08001150   Section        0  common.o(.text)
    isleap                                   0x080012e1   Thumb Code    52  common.o(.text)
    get_yeardays                             0x08001315   Thumb Code    24  common.o(.text)
    .text                                    0x080014e8   Section        0  delay.o(.text)
    .text                                    0x080015bc   Section        0  usart.o(.text)
    .text                                    0x080016fc   Section       64  startup_stm32f10x_hd.o(.text)
    .text                                    0x0800173c   Section        0  misc.o(.text)
    .text                                    0x08001818   Section        0  stm32f10x_gpio.o(.text)
    .text                                    0x08001b74   Section        0  stm32f10x_rcc.o(.text)
    .text                                    0x08001f18   Section        0  stm32f10x_tim.o(.text)
    TI4_Config                               0x080023bf   Thumb Code   130  stm32f10x_tim.o(.text)
    TI3_Config                               0x08002453   Thumb Code   122  stm32f10x_tim.o(.text)
    TI2_Config                               0x080024e7   Thumb Code   130  stm32f10x_tim.o(.text)
    TI1_Config                               0x0800257b   Thumb Code   108  stm32f10x_tim.o(.text)
    .text                                    0x08002d34   Section        0  stm32f10x_usart.o(.text)
    .text                                    0x0800313c   Section        0  gizwits_product.o(.text)
    .text                                    0x08003364   Section        0  gizwits_protocol.o(.text)
    rbCreate                                 0x08003365   Thumb Code    26  gizwits_protocol.o(.text)
    rbDelete                                 0x0800337f   Thumb Code    28  gizwits_protocol.o(.text)
    rbCapacity                               0x0800339b   Thumb Code    22  gizwits_protocol.o(.text)
    rbCanRead                                0x080033b1   Thumb Code    62  gizwits_protocol.o(.text)
    rbCanWrite                               0x080033ef   Thumb Code    36  gizwits_protocol.o(.text)
    rbRead                                   0x08003413   Thumb Code   174  gizwits_protocol.o(.text)
    rbWrite                                  0x080034c1   Thumb Code   186  gizwits_protocol.o(.text)
    gizProtocolSum                           0x080035af   Thumb Code    52  gizwits_protocol.o(.text)
    gizProtocolExchangeBytes                 0x080035e3   Thumb Code    22  gizwits_protocol.o(.text)
    gizExchangeWord                          0x080035f9   Thumb Code    26  gizwits_protocol.o(.text)
    gizByteOrderExchange                     0x08003613   Thumb Code    64  gizwits_protocol.o(.text)
    gizY2X                                   0x08003653   Thumb Code    14  gizwits_protocol.o(.text)
    gizX2Y                                   0x08003661   Thumb Code    12  gizwits_protocol.o(.text)
    gizY2XFloat                              0x0800366d   Thumb Code    42  gizwits_protocol.o(.text)
    gizX2YFloat                              0x08003697   Thumb Code    42  gizwits_protocol.o(.text)
    gizAcrossByteJudge                       0x080036c1   Thumb Code    42  gizwits_protocol.o(.text)
    gizProtocolHeadInit                      0x080036eb   Thumb Code    34  gizwits_protocol.o(.text)
    gizProtocolWaitAck                       0x0800370d   Thumb Code   416  gizwits_protocol.o(.text)
    gizCompressValue                         0x080038ad   Thumb Code   136  gizwits_protocol.o(.text)
    gizDataPoint2Event                       0x08003935   Thumb Code   122  gizwits_protocol.o(.text)
    gizCheckReport                           0x080039af   Thumb Code   102  gizwits_protocol.o(.text)
    gizDataPoints2ReportData                 0x08003a15   Thumb Code    80  gizwits_protocol.o(.text)
    gizProtocolIssuedProcess                 0x08003a65   Thumb Code   214  gizwits_protocol.o(.text)
    gizProtocolIssuedDataAck                 0x08003b3b   Thumb Code   204  gizwits_protocol.o(.text)
    gizReportData                            0x08003c07   Thumb Code   134  gizwits_protocol.o(.text)
    gizDevReportPolicy                       0x08003c8d   Thumb Code   592  gizwits_protocol.o(.text)
    gizProtocolGetOnePacket                  0x08003edd   Thumb Code   358  gizwits_protocol.o(.text)
    gizProtocolResendData                    0x08004043   Thumb Code    66  gizwits_protocol.o(.text)
    gizProtocolWaitAckCheck                  0x08004085   Thumb Code    48  gizwits_protocol.o(.text)
    gizProtocolCommonAck                     0x080040b5   Thumb Code    88  gizwits_protocol.o(.text)
    gizProtocolAckHandle                     0x0800410d   Thumb Code    98  gizwits_protocol.o(.text)
    gizProtocolGetDeviceInfo                 0x0800416f   Thumb Code   184  gizwits_protocol.o(.text)
    gizProtocolErrorCmd                      0x08004227   Thumb Code   554  gizwits_protocol.o(.text)
    gizProtocolNTP                           0x08004451   Thumb Code   106  gizwits_protocol.o(.text)
    gizProtocolReboot                        0x080044bb   Thumb Code    28  gizwits_protocol.o(.text)
    gizProtocolModuleStatus                  0x080044d7   Thumb Code   846  gizwits_protocol.o(.text)
    .text                                    0x080050a4   Section        2  use_no_semi_2.o(.text)
    .text                                    0x080050a6   Section        0  toupper.o(.text)
    .text                                    0x080050c4   Section        0  noretval__2printf.o(.text)
    .text                                    0x080050dc   Section        0  _printf_pad.o(.text)
    .text                                    0x0800512c   Section        0  _printf_dec.o(.text)
    .text                                    0x080051a4   Section        0  _printf_hex_int.o(.text)
    .text                                    0x080051fc   Section        0  __printf_flags_wp.o(.text)
    .text                                    0x08005334   Section        0  strstr.o(.text)
    .text                                    0x08005358   Section        0  strlen.o(.text)
    .text                                    0x08005396   Section      138  rt_memcpy_v6.o(.text)
    .text                                    0x08005420   Section      100  rt_memcpy_w.o(.text)
    .text                                    0x08005484   Section       68  rt_memclr.o(.text)
    .text                                    0x080054c8   Section        0  heapauxi.o(.text)
    .text                                    0x080054ce   Section        2  use_no_semi.o(.text)
    .text                                    0x080054d0   Section       16  rt_ctype_table.o(.text)
    .text                                    0x080054e0   Section        0  _printf_intcommon.o(.text)
    .text                                    0x08005594   Section        0  _printf_char_file.o(.text)
    .text                                    0x080055b8   Section       78  rt_memclr_w.o(.text)
    .text                                    0x08005608   Section        8  rt_locale_intlibspace.o(.text)
    .text                                    0x08005610   Section        0  _printf_char_common.o(.text)
    _printf_input_char                       0x08005611   Thumb Code    10  _printf_char_common.o(.text)
    .text                                    0x08005640   Section        0  ferror.o(.text)
    .text                                    0x08005648   Section        8  libspace.o(.text)
    .text                                    0x08005650   Section       74  sys_stackheap_outer.o(.text)
    .text                                    0x0800569a   Section        0  exit.o(.text)
    .text                                    0x080056a8   Section      128  strcmpv7m.o(.text)
    i._is_digit                              0x08005728   Section        0  __printf_wp.o(i._is_digit)
    locale$$code                             0x08005738   Section       44  lc_ctype_c.o(locale$$code)
    x$fpl$fadd                               0x08005764   Section      196  faddsub_clz.o(x$fpl$fadd)
    _fadd1                                   0x08005773   Thumb Code     0  faddsub_clz.o(x$fpl$fadd)
    x$fpl$fdiv                               0x08005828   Section      388  fdiv.o(x$fpl$fdiv)
    _fdiv1                                   0x08005829   Thumb Code     0  fdiv.o(x$fpl$fdiv)
    x$fpl$ffixu                              0x080059ac   Section       62  ffixu.o(x$fpl$ffixu)
    x$fpl$ffltu                              0x080059ec   Section       38  fflt_clz.o(x$fpl$ffltu)
    x$fpl$fmul                               0x08005a14   Section      258  fmul.o(x$fpl$fmul)
    x$fpl$fnaninf                            0x08005b16   Section      140  fnaninf.o(x$fpl$fnaninf)
    x$fpl$fretinf                            0x08005ba2   Section       10  fretinf.o(x$fpl$fretinf)
    x$fpl$fsub                               0x08005bac   Section      234  faddsub_clz.o(x$fpl$fsub)
    _fsub1                                   0x08005bbb   Thumb Code     0  faddsub_clz.o(x$fpl$fsub)
    x$fpl$usenofp                            0x08005c96   Section        0  usenofp.o(x$fpl$usenofp)
    .constdata                               0x08005c98   Section       48  common.o(.constdata)
    .constdata                               0x08005cc8   Section       40  _printf_hex_int.o(.constdata)
    uc_hextab                                0x08005cc8   Data          20  _printf_hex_int.o(.constdata)
    lc_hextab                                0x08005cdc   Data          20  _printf_hex_int.o(.constdata)
    .constdata                               0x08005cf0   Section       17  __printf_flags_wp.o(.constdata)
    maptable                                 0x08005cf0   Data          17  __printf_flags_wp.o(.constdata)
    .conststring                             0x08005d04   Section       65  gizwits_protocol.o(.conststring)
    locale$$data                             0x08005d68   Section      272  lc_ctype_c.o(locale$$data)
    __lcctype_c_name                         0x08005d6c   Data           2  lc_ctype_c.o(locale$$data)
    __lcctype_c_start                        0x08005d74   Data           0  lc_ctype_c.o(locale$$data)
    __lcctype_c_end                          0x08005e78   Data           0  lc_ctype_c.o(locale$$data)
    .data                                    0x20000000   Section        1  main.o(.data)
    .data                                    0x20000004   Section       20  system_stm32f10x.o(.data)
    .data                                    0x20000018   Section        2  usart2.o(.data)
    .data                                    0x2000001a   Section        1  key.o(.data)
    key_up                                   0x2000001a   Data           1  key.o(.data)
    .data                                    0x2000001c   Section        4  delay.o(.data)
    fac_us                                   0x2000001c   Data           1  delay.o(.data)
    fac_ms                                   0x2000001e   Data           2  delay.o(.data)
    .data                                    0x20000020   Section        6  usart.o(.data)
    .data                                    0x20000026   Section       20  stm32f10x_rcc.o(.data)
    APBAHBPrescTable                         0x20000026   Data          16  stm32f10x_rcc.o(.data)
    ADCPrescTable                            0x20000036   Data           4  stm32f10x_rcc.o(.data)
    .data                                    0x2000003c   Section        4  gizwits_product.o(.data)
    timerMsCount                             0x2000003c   Data           4  gizwits_product.o(.data)
    .data                                    0x20000040   Section       12  gizwits_protocol.o(.data)
    lastReportTime                           0x20000040   Data           4  gizwits_protocol.o(.data)
    protocolFlag                             0x20000044   Data           1  gizwits_protocol.o(.data)
    protocolCount                            0x20000046   Data           2  gizwits_protocol.o(.data)
    lastData                                 0x20000048   Data           1  gizwits_protocol.o(.data)
    debugCount                               0x20000049   Data           1  gizwits_protocol.o(.data)
    lastStatus                               0x2000004a   Data           2  gizwits_protocol.o(.data)
    .bss                                     0x2000004c   Section      178  main.o(.bss)
    .bss                                     0x20000100   Section     2048  usart2.o(.bss)
    .bss                                     0x20000900   Section      200  usart.o(.bss)
    .bss                                     0x200009c8   Section     4891  gizwits_protocol.o(.bss)
    rbBuf                                    0x20001577   Data        1900  gizwits_protocol.o(.bss)
    .bss                                     0x20001ce4   Section       96  libspace.o(.bss)
    HEAP                                     0x20001d48   Section      512  startup_stm32f10x_hd.o(HEAP)
    Heap_Mem                                 0x20001d48   Data         512  startup_stm32f10x_hd.o(HEAP)
    STACK                                    0x20001f48   Section     4096  startup_stm32f10x_hd.o(STACK)
    Stack_Mem                                0x20001f48   Data        4096  startup_stm32f10x_hd.o(STACK)
    __initial_sp                             0x20002f48   Data           0  startup_stm32f10x_hd.o(STACK)

    Global Symbols

    Symbol Name                              Value     Ov Type        Size  Object(Section)

    BuildAttributes$$THM_ISAv4$P$D$K$B$S$PE$A:L22UL41UL21$X:L11$S22US41US21$IEEE1$IW$USESV6$~STKCKD$USESV7$~SHL$OSPACE$ROPI$EBA8$UX$STANDARDLIB$REQ8$PRES8$EABIv2 0x00000000   Number         0  anon$$obj.o ABSOLUTE
    __ARM_use_no_argv                        0x00000000   Number         0  main.o ABSOLUTE
    _printf_flags                            0x00000000   Number         0  printf_stubs.o ABSOLUTE
    _printf_return_value                     0x00000000   Number         0  printf_stubs.o ABSOLUTE
    _printf_sizespec                         0x00000000   Number         0  printf_stubs.o ABSOLUTE
    _printf_widthprec                        0x00000000   Number         0  printf_stubs.o ABSOLUTE
    __ARM_exceptions_init                     - Undefined Weak Reference
    __alloca_initialize                       - Undefined Weak Reference
    __arm_preinit_                            - Undefined Weak Reference
    __cpp_initialize__aeabi_                  - Undefined Weak Reference
    __cxa_finalize                            - Undefined Weak Reference
    __sigvec_lookup                           - Undefined Weak Reference
    _atexit_init                              - Undefined Weak Reference
    _call_atexit_fns                          - Undefined Weak Reference
    _clock_init                               - Undefined Weak Reference
    _fp_trap_init                             - Undefined Weak Reference
    _fp_trap_shutdown                         - Undefined Weak Reference
    _get_lc_collate                           - Undefined Weak Reference
    _get_lc_monetary                          - Undefined Weak Reference
    _get_lc_numeric                           - Undefined Weak Reference
    _get_lc_time                              - Undefined Weak Reference
    _getenv_init                              - Undefined Weak Reference
    _handle_redirection                       - Undefined Weak Reference
    _init_alloc                               - Undefined Weak Reference
    _init_user_alloc                          - Undefined Weak Reference
    _initio                                   - Undefined Weak Reference
    _mutex_acquire                            - Undefined Weak Reference
    _mutex_release                            - Undefined Weak Reference
    _printf_truncate_signed                   - Undefined Weak Reference
    _printf_truncate_unsigned                 - Undefined Weak Reference
    _rand_init                                - Undefined Weak Reference
    _signal_finish                            - Undefined Weak Reference
    _signal_init                              - Undefined Weak Reference
    _terminate_alloc                          - Undefined Weak Reference
    _terminate_user_alloc                     - Undefined Weak Reference
    _terminateio                              - Undefined Weak Reference
    __Vectors_Size                           0x00000130   Number         0  startup_stm32f10x_hd.o ABSOLUTE
    __Vectors                                0x08000000   Data           4  startup_stm32f10x_hd.o(RESET)
    __Vectors_End                            0x08000130   Data           0  startup_stm32f10x_hd.o(RESET)
    __main                                   0x08000131   Thumb Code     8  __main.o(!!!main)
    __scatterload                            0x08000139   Thumb Code     0  __scatter.o(!!!scatter)
    __scatterload_rt2                        0x08000139   Thumb Code    44  __scatter.o(!!!scatter)
    __scatterload_rt2_thumb_only             0x08000139   Thumb Code     0  __scatter.o(!!!scatter)
    __scatterload_null                       0x08000147   Thumb Code     0  __scatter.o(!!!scatter)
    __scatterload_copy                       0x0800016d   Thumb Code    26  __scatter_copy.o(!!handler_copy)
    __scatterload_zeroinit                   0x08000189   Thumb Code    28  __scatter_zi.o(!!handler_zi)
    _printf_d                                0x080001a5   Thumb Code     0  _printf_d.o(.ARM.Collect$$_printf_percent$$00000009)
    _printf_percent                          0x080001a5   Thumb Code     0  _printf_percent.o(.ARM.Collect$$_printf_percent$$00000000)
    _printf_x                                0x080001ab   Thumb Code     0  _printf_x.o(.ARM.Collect$$_printf_percent$$0000000C)
    _printf_percent_end                      0x080001b1   Thumb Code     0  _printf_percent_end.o(.ARM.Collect$$_printf_percent$$00000017)
    __rt_lib_init                            0x080001b5   Thumb Code     0  libinit.o(.ARM.Collect$$libinit$$00000000)
    __rt_lib_init_fp_1                       0x080001b7   Thumb Code     0  libinit2.o(.ARM.Collect$$libinit$$00000002)
    __rt_lib_init_heap_1                     0x080001b7   Thumb Code     0  libinit2.o(.ARM.Collect$$libinit$$0000000A)
    __rt_lib_init_lc_common                  0x080001b7   Thumb Code     0  libinit2.o(.ARM.Collect$$libinit$$0000000F)
    __rt_lib_init_preinit_1                  0x080001b7   Thumb Code     0  libinit2.o(.ARM.Collect$$libinit$$00000004)
    __rt_lib_init_rand_1                     0x080001b7   Thumb Code     0  libinit2.o(.ARM.Collect$$libinit$$0000000E)
    __rt_lib_init_user_alloc_1               0x080001b7   Thumb Code     0  libinit2.o(.ARM.Collect$$libinit$$0000000C)
    __rt_lib_init_lc_collate_1               0x080001bd   Thumb Code     0  libinit2.o(.ARM.Collect$$libinit$$00000011)
    __rt_lib_init_lc_ctype_2                 0x080001bd   Thumb Code     0  libinit2.o(.ARM.Collect$$libinit$$00000012)
    __rt_lib_init_alloca_1                   0x080001c9   Thumb Code     0  libinit2.o(.ARM.Collect$$libinit$$0000002E)
    __rt_lib_init_argv_1                     0x080001c9   Thumb Code     0  libinit2.o(.ARM.Collect$$libinit$$0000002C)
    __rt_lib_init_atexit_1                   0x080001c9   Thumb Code     0  libinit2.o(.ARM.Collect$$libinit$$0000001B)
    __rt_lib_init_clock_1                    0x080001c9   Thumb Code     0  libinit2.o(.ARM.Collect$$libinit$$00000021)
    __rt_lib_init_cpp_1                      0x080001c9   Thumb Code     0  libinit2.o(.ARM.Collect$$libinit$$00000032)
    __rt_lib_init_exceptions_1               0x080001c9   Thumb Code     0  libinit2.o(.ARM.Collect$$libinit$$00000030)
    __rt_lib_init_fp_trap_1                  0x080001c9   Thumb Code     0  libinit2.o(.ARM.Collect$$libinit$$0000001F)
    __rt_lib_init_getenv_1                   0x080001c9   Thumb Code     0  libinit2.o(.ARM.Collect$$libinit$$00000023)
    __rt_lib_init_lc_ctype_1                 0x080001c9   Thumb Code     0  libinit2.o(.ARM.Collect$$libinit$$00000013)
    __rt_lib_init_lc_monetary_1              0x080001c9   Thumb Code     0  libinit2.o(.ARM.Collect$$libinit$$00000015)
    __rt_lib_init_lc_numeric_1               0x080001c9   Thumb Code     0  libinit2.o(.ARM.Collect$$libinit$$00000017)
    __rt_lib_init_lc_time_1                  0x080001c9   Thumb Code     0  libinit2.o(.ARM.Collect$$libinit$$00000019)
    __rt_lib_init_return                     0x080001c9   Thumb Code     0  libinit2.o(.ARM.Collect$$libinit$$00000033)
    __rt_lib_init_signal_1                   0x080001c9   Thumb Code     0  libinit2.o(.ARM.Collect$$libinit$$0000001D)
    __rt_lib_init_stdio_1                    0x080001c9   Thumb Code     0  libinit2.o(.ARM.Collect$$libinit$$00000025)
    __rt_lib_shutdown                        0x080001cb   Thumb Code     0  libshutdown.o(.ARM.Collect$$libshutdown$$00000000)
    __rt_lib_shutdown_fp_trap_1              0x080001cd   Thumb Code     0  libshutdown2.o(.ARM.Collect$$libshutdown$$00000006)
    __rt_lib_shutdown_heap_1                 0x080001cd   Thumb Code     0  libshutdown2.o(.ARM.Collect$$libshutdown$$0000000E)
    __rt_lib_shutdown_return                 0x080001cd   Thumb Code     0  libshutdown2.o(.ARM.Collect$$libshutdown$$0000000F)
    __rt_lib_shutdown_signal_1               0x080001cd   Thumb Code     0  libshutdown2.o(.ARM.Collect$$libshutdown$$00000009)
    __rt_lib_shutdown_stdio_1                0x080001cd   Thumb Code     0  libshutdown2.o(.ARM.Collect$$libshutdown$$00000003)
    __rt_lib_shutdown_user_alloc_1           0x080001cd   Thumb Code     0  libshutdown2.o(.ARM.Collect$$libshutdown$$0000000B)
    __rt_entry                               0x080001cf   Thumb Code     0  __rtentry.o(.ARM.Collect$$rtentry$$00000000)
    __rt_entry_presh_1                       0x080001cf   Thumb Code     0  __rtentry2.o(.ARM.Collect$$rtentry$$00000002)
    __rt_entry_sh                            0x080001cf   Thumb Code     0  __rtentry4.o(.ARM.Collect$$rtentry$$00000004)
    __rt_entry_li                            0x080001d5   Thumb Code     0  __rtentry2.o(.ARM.Collect$$rtentry$$0000000A)
    __rt_entry_postsh_1                      0x080001d5   Thumb Code     0  __rtentry2.o(.ARM.Collect$$rtentry$$00000009)
    __rt_entry_main                          0x080001d9   Thumb Code     0  __rtentry2.o(.ARM.Collect$$rtentry$$0000000D)
    __rt_entry_postli_1                      0x080001d9   Thumb Code     0  __rtentry2.o(.ARM.Collect$$rtentry$$0000000C)
    __rt_exit                                0x080001e1   Thumb Code     0  rtexit.o(.ARM.Collect$$rtexit$$00000000)
    __rt_exit_ls                             0x080001e3   Thumb Code     0  rtexit2.o(.ARM.Collect$$rtexit$$00000003)
    __rt_exit_prels_1                        0x080001e3   Thumb Code     0  rtexit2.o(.ARM.Collect$$rtexit$$00000002)
    __rt_exit_exit                           0x080001e7   Thumb Code     0  rtexit2.o(.ARM.Collect$$rtexit$$00000004)
    Gizwits_Init                             0x080001ed   Thumb Code    36  main.o(.text)
    userHandle                               0x08000211   Thumb Code    28  main.o(.text)
    main                                     0x0800022d   Thumb Code   170  main.o(.text)
    NMI_Handler                              0x08000385   Thumb Code     2  stm32f10x_it.o(.text)
    HardFault_Handler                        0x08000387   Thumb Code     4  stm32f10x_it.o(.text)
    MemManage_Handler                        0x0800038b   Thumb Code     4  stm32f10x_it.o(.text)
    BusFault_Handler                         0x0800038f   Thumb Code     4  stm32f10x_it.o(.text)
    UsageFault_Handler                       0x08000393   Thumb Code     4  stm32f10x_it.o(.text)
    SVC_Handler                              0x08000397   Thumb Code     2  stm32f10x_it.o(.text)
    DebugMon_Handler                         0x08000399   Thumb Code     2  stm32f10x_it.o(.text)
    PendSV_Handler                           0x0800039b   Thumb Code     2  stm32f10x_it.o(.text)
    SysTick_Handler                          0x0800039d   Thumb Code     2  stm32f10x_it.o(.text)
    SystemInit                               0x0800047f   Thumb Code    78  system_stm32f10x.o(.text)
    SystemCoreClockUpdate                    0x080004cd   Thumb Code   142  system_stm32f10x.o(.text)
    TIM4_Set                                 0x08000581   Thumb Code    34  usart2.o(.text)
    TIM4_Init                                0x080005a3   Thumb Code    82  usart2.o(.text)
    USART2_Init                              0x080005f5   Thumb Code   184  usart2.o(.text)
    USART2_IRQHandler                        0x080006ad   Thumb Code    84  usart2.o(.text)
    TIM4_IRQHandler                          0x08000701   Thumb Code    40  usart2.o(.text)
    USART3_IRQHandler                        0x0800073d   Thumb Code    34  usart3.o(.text)
    usart3_init                              0x0800075f   Thumb Code   166  usart3.o(.text)
    NMEA_Comma_Pos                           0x0800080d   Thumb Code    50  gps.o(.text)
    NMEA_Pow                                 0x0800083f   Thumb Code    22  gps.o(.text)
    NMEA_Str2num                             0x08000855   Thumb Code   234  gps.o(.text)
    NMEA_GPGSV_Analysis                      0x0800093f   Thumb Code   290  gps.o(.text)
    NMEA_BDGSV_Analysis                      0x08000a61   Thumb Code   298  gps.o(.text)
    NMEA_GNGGA_Analysis                      0x08000b8b   Thumb Code    96  gps.o(.text)
    NMEA_GNGSA_Analysis                      0x08000beb   Thumb Code   176  gps.o(.text)
    NMEA_GPRMC_Analysis                      0x08000c9b   Thumb Code   640  gps.o(.text)
    NMEA_GNVTG_Analysis                      0x08000f1b   Thumb Code    78  gps.o(.text)
    GPS_Analysis                             0x08000f69   Thumb Code    16  gps.o(.text)
    LED_Init                                 0x08000f85   Thumb Code    72  led.o(.text)
    KEY_Init                                 0x08000fdd   Thumb Code    82  key.o(.text)
    KEY_Scan                                 0x0800102f   Thumb Code   154  key.o(.text)
    TIM3_Int_Init                            0x080010d9   Thumb Code    90  timer.o(.text)
    TIM3_IRQHandler                          0x08001133   Thumb Code    26  timer.o(.text)
    gizProtocolSum                           0x08001151   Thumb Code    38  common.o(.text)
    exchangeBytes                            0x08001177   Thumb Code    26  common.o(.text)
    exchangeWord                             0x08001191   Thumb Code    26  common.o(.text)
    char2hex                                 0x080011ab   Thumb Code   108  common.o(.text)
    checkStringIsNotZero                     0x08001217   Thumb Code    46  common.o(.text)
    returnWeekDay                            0x08001245   Thumb Code   156  common.o(.text)
    returnNtp2Wt                             0x0800132d   Thumb Code   274  common.o(.text)
    str2Hex                                  0x0800143f   Thumb Code    80  common.o(.text)
    hex2Str                                  0x0800148f   Thumb Code    82  common.o(.text)
    delay_init                               0x080014e9   Thumb Code    50  delay.o(.text)
    delay_us                                 0x0800151b   Thumb Code    72  delay.o(.text)
    delay_ms                                 0x08001563   Thumb Code    72  delay.o(.text)
    _sys_exit                                0x080015bd   Thumb Code     4  usart.o(.text)
    fputc                                    0x080015c1   Thumb Code    24  usart.o(.text)
    uart_init                                0x080015d9   Thumb Code   152  usart.o(.text)
    USART1_IRQHandler                        0x08001671   Thumb Code   122  usart.o(.text)
    Reset_Handler                            0x080016fd   Thumb Code     8  startup_stm32f10x_hd.o(.text)
    ADC1_2_IRQHandler                        0x08001717   Thumb Code     0  startup_stm32f10x_hd.o(.text)
    ADC3_IRQHandler                          0x08001717   Thumb Code     0  startup_stm32f10x_hd.o(.text)
    CAN1_RX1_IRQHandler                      0x08001717   Thumb Code     0  startup_stm32f10x_hd.o(.text)
    CAN1_SCE_IRQHandler                      0x08001717   Thumb Code     0  startup_stm32f10x_hd.o(.text)
    DMA1_Channel1_IRQHandler                 0x08001717   Thumb Code     0  startup_stm32f10x_hd.o(.text)
    DMA1_Channel2_IRQHandler                 0x08001717   Thumb Code     0  startup_stm32f10x_hd.o(.text)
    DMA1_Channel3_IRQHandler                 0x08001717   Thumb Code     0  startup_stm32f10x_hd.o(.text)
    DMA1_Channel4_IRQHandler                 0x08001717   Thumb Code     0  startup_stm32f10x_hd.o(.text)
    DMA1_Channel5_IRQHandler                 0x08001717   Thumb Code     0  startup_stm32f10x_hd.o(.text)
    DMA1_Channel6_IRQHandler                 0x08001717   Thumb Code     0  startup_stm32f10x_hd.o(.text)
    DMA1_Channel7_IRQHandler                 0x08001717   Thumb Code     0  startup_stm32f10x_hd.o(.text)
    DMA2_Channel1_IRQHandler                 0x08001717   Thumb Code     0  startup_stm32f10x_hd.o(.text)
    DMA2_Channel2_IRQHandler                 0x08001717   Thumb Code     0  startup_stm32f10x_hd.o(.text)
    DMA2_Channel3_IRQHandler                 0x08001717   Thumb Code     0  startup_stm32f10x_hd.o(.text)
    DMA2_Channel4_5_IRQHandler               0x08001717   Thumb Code     0  startup_stm32f10x_hd.o(.text)
    EXTI0_IRQHandler                         0x08001717   Thumb Code     0  startup_stm32f10x_hd.o(.text)
    EXTI15_10_IRQHandler                     0x08001717   Thumb Code     0  startup_stm32f10x_hd.o(.text)
    EXTI1_IRQHandler                         0x08001717   Thumb Code     0  startup_stm32f10x_hd.o(.text)
    EXTI2_IRQHandler                         0x08001717   Thumb Code     0  startup_stm32f10x_hd.o(.text)
    EXTI3_IRQHandler                         0x08001717   Thumb Code     0  startup_stm32f10x_hd.o(.text)
    EXTI4_IRQHandler                         0x08001717   Thumb Code     0  startup_stm32f10x_hd.o(.text)
    EXTI9_5_IRQHandler                       0x08001717   Thumb Code     0  startup_stm32f10x_hd.o(.text)
    FLASH_IRQHandler                         0x08001717   Thumb Code     0  startup_stm32f10x_hd.o(.text)
    FSMC_IRQHandler                          0x08001717   Thumb Code     0  startup_stm32f10x_hd.o(.text)
    I2C1_ER_IRQHandler                       0x08001717   Thumb Code     0  startup_stm32f10x_hd.o(.text)
    I2C1_EV_IRQHandler                       0x08001717   Thumb Code     0  startup_stm32f10x_hd.o(.text)
    I2C2_ER_IRQHandler                       0x08001717   Thumb Code     0  startup_stm32f10x_hd.o(.text)
    I2C2_EV_IRQHandler                       0x08001717   Thumb Code     0  startup_stm32f10x_hd.o(.text)
    PVD_IRQHandler                           0x08001717   Thumb Code     0  startup_stm32f10x_hd.o(.text)
    RCC_IRQHandler                           0x08001717   Thumb Code     0  startup_stm32f10x_hd.o(.text)
    RTCAlarm_IRQHandler                      0x08001717   Thumb Code     0  startup_stm32f10x_hd.o(.text)
    RTC_IRQHandler                           0x08001717   Thumb Code     0  startup_stm32f10x_hd.o(.text)
    SDIO_IRQHandler                          0x08001717   Thumb Code     0  startup_stm32f10x_hd.o(.text)
    SPI1_IRQHandler                          0x08001717   Thumb Code     0  startup_stm32f10x_hd.o(.text)
    SPI2_IRQHandler                          0x08001717   Thumb Code     0  startup_stm32f10x_hd.o(.text)
    SPI3_IRQHandler                          0x08001717   Thumb Code     0  startup_stm32f10x_hd.o(.text)
    TAMPER_IRQHandler                        0x08001717   Thumb Code     0  startup_stm32f10x_hd.o(.text)
    TIM1_BRK_IRQHandler                      0x08001717   Thumb Code     0  startup_stm32f10x_hd.o(.text)
    TIM1_CC_IRQHandler                       0x08001717   Thumb Code     0  startup_stm32f10x_hd.o(.text)
    TIM1_TRG_COM_IRQHandler                  0x08001717   Thumb Code     0  startup_stm32f10x_hd.o(.text)
    TIM1_UP_IRQHandler                       0x08001717   Thumb Code     0  startup_stm32f10x_hd.o(.text)
    TIM2_IRQHandler                          0x08001717   Thumb Code     0  startup_stm32f10x_hd.o(.text)
    TIM5_IRQHandler                          0x08001717   Thumb Code     0  startup_stm32f10x_hd.o(.text)
    TIM6_IRQHandler                          0x08001717   Thumb Code     0  startup_stm32f10x_hd.o(.text)
    TIM7_IRQHandler                          0x08001717   Thumb Code     0  startup_stm32f10x_hd.o(.text)
    TIM8_BRK_IRQHandler                      0x08001717   Thumb Code     0  startup_stm32f10x_hd.o(.text)
    TIM8_CC_IRQHandler                       0x08001717   Thumb Code     0  startup_stm32f10x_hd.o(.text)
    TIM8_TRG_COM_IRQHandler                  0x08001717   Thumb Code     0  startup_stm32f10x_hd.o(.text)
    TIM8_UP_IRQHandler                       0x08001717   Thumb Code     0  startup_stm32f10x_hd.o(.text)
    UART4_IRQHandler                         0x08001717   Thumb Code     0  startup_stm32f10x_hd.o(.text)
    UART5_IRQHandler                         0x08001717   Thumb Code     0  startup_stm32f10x_hd.o(.text)
    USBWakeUp_IRQHandler                     0x08001717   Thumb Code     0  startup_stm32f10x_hd.o(.text)
    USB_HP_CAN1_TX_IRQHandler                0x08001717   Thumb Code     0  startup_stm32f10x_hd.o(.text)
    USB_LP_CAN1_RX0_IRQHandler               0x08001717   Thumb Code     0  startup_stm32f10x_hd.o(.text)
    WWDG_IRQHandler                          0x08001717   Thumb Code     0  startup_stm32f10x_hd.o(.text)
    __user_initial_stackheap                 0x08001719   Thumb Code     0  startup_stm32f10x_hd.o(.text)
    NVIC_PriorityGroupConfig                 0x0800173d   Thumb Code    10  misc.o(.text)
    NVIC_Init                                0x08001747   Thumb Code   100  misc.o(.text)
    NVIC_SetVectorTable                      0x080017ab   Thumb Code    14  misc.o(.text)
    NVIC_SystemLPConfig                      0x080017b9   Thumb Code    34  misc.o(.text)
    SysTick_CLKSourceConfig                  0x080017db   Thumb Code    40  misc.o(.text)
    GPIO_DeInit                              0x08001819   Thumb Code   172  stm32f10x_gpio.o(.text)
    GPIO_AFIODeInit                          0x080018c5   Thumb Code    20  stm32f10x_gpio.o(.text)
    GPIO_Init                                0x080018d9   Thumb Code   278  stm32f10x_gpio.o(.text)
    GPIO_StructInit                          0x080019ef   Thumb Code    16  stm32f10x_gpio.o(.text)
    GPIO_ReadInputDataBit                    0x080019ff   Thumb Code    18  stm32f10x_gpio.o(.text)
    GPIO_ReadInputData                       0x08001a11   Thumb Code     8  stm32f10x_gpio.o(.text)
    GPIO_ReadOutputDataBit                   0x08001a19   Thumb Code    18  stm32f10x_gpio.o(.text)
    GPIO_ReadOutputData                      0x08001a2b   Thumb Code     8  stm32f10x_gpio.o(.text)
    GPIO_SetBits                             0x08001a33   Thumb Code     4  stm32f10x_gpio.o(.text)
    GPIO_ResetBits                           0x08001a37   Thumb Code     4  stm32f10x_gpio.o(.text)
    GPIO_WriteBit                            0x08001a3b   Thumb Code    10  stm32f10x_gpio.o(.text)
    GPIO_Write                               0x08001a45   Thumb Code     4  stm32f10x_gpio.o(.text)
    GPIO_PinLockConfig                       0x08001a49   Thumb Code    18  stm32f10x_gpio.o(.text)
    GPIO_EventOutputConfig                   0x08001a5b   Thumb Code    26  stm32f10x_gpio.o(.text)
    GPIO_EventOutputCmd                      0x08001a75   Thumb Code     6  stm32f10x_gpio.o(.text)
    GPIO_PinRemapConfig                      0x08001a7b   Thumb Code   138  stm32f10x_gpio.o(.text)
    GPIO_EXTILineConfig                      0x08001b05   Thumb Code    66  stm32f10x_gpio.o(.text)
    GPIO_ETH_MediaInterfaceConfig            0x08001b47   Thumb Code     8  stm32f10x_gpio.o(.text)
    RCC_DeInit                               0x08001b75   Thumb Code    64  stm32f10x_rcc.o(.text)
    RCC_HSEConfig                            0x08001bb5   Thumb Code    70  stm32f10x_rcc.o(.text)
    RCC_GetFlagStatus                        0x08001bfb   Thumb Code    56  stm32f10x_rcc.o(.text)
    RCC_WaitForHSEStartUp                    0x08001c33   Thumb Code    56  stm32f10x_rcc.o(.text)
    RCC_AdjustHSICalibrationValue            0x08001c6b   Thumb Code    20  stm32f10x_rcc.o(.text)
    RCC_HSICmd                               0x08001c7f   Thumb Code     6  stm32f10x_rcc.o(.text)
    RCC_PLLConfig                            0x08001c85   Thumb Code    24  stm32f10x_rcc.o(.text)
    RCC_PLLCmd                               0x08001c9d   Thumb Code     6  stm32f10x_rcc.o(.text)
    RCC_SYSCLKConfig                         0x08001ca3   Thumb Code    18  stm32f10x_rcc.o(.text)
    RCC_GetSYSCLKSource                      0x08001cb5   Thumb Code    10  stm32f10x_rcc.o(.text)
    RCC_HCLKConfig                           0x08001cbf   Thumb Code    18  stm32f10x_rcc.o(.text)
    RCC_PCLK1Config                          0x08001cd1   Thumb Code    18  stm32f10x_rcc.o(.text)
    RCC_PCLK2Config                          0x08001ce3   Thumb Code    20  stm32f10x_rcc.o(.text)
    RCC_ITConfig                             0x08001cf7   Thumb Code    26  stm32f10x_rcc.o(.text)
    RCC_USBCLKConfig                         0x08001d11   Thumb Code     8  stm32f10x_rcc.o(.text)
    RCC_ADCCLKConfig                         0x08001d19   Thumb Code    18  stm32f10x_rcc.o(.text)
    RCC_LSEConfig                            0x08001d2b   Thumb Code    50  stm32f10x_rcc.o(.text)
    RCC_LSICmd                               0x08001d5d   Thumb Code     6  stm32f10x_rcc.o(.text)
    RCC_RTCCLKConfig                         0x08001d63   Thumb Code    12  stm32f10x_rcc.o(.text)
    RCC_RTCCLKCmd                            0x08001d6f   Thumb Code     8  stm32f10x_rcc.o(.text)
    RCC_GetClocksFreq                        0x08001d77   Thumb Code   192  stm32f10x_rcc.o(.text)
    RCC_AHBPeriphClockCmd                    0x08001e37   Thumb Code    26  stm32f10x_rcc.o(.text)
    RCC_APB2PeriphClockCmd                   0x08001e51   Thumb Code    26  stm32f10x_rcc.o(.text)
    RCC_APB1PeriphClockCmd                   0x08001e6b   Thumb Code    26  stm32f10x_rcc.o(.text)
    RCC_APB2PeriphResetCmd                   0x08001e85   Thumb Code    26  stm32f10x_rcc.o(.text)
    RCC_APB1PeriphResetCmd                   0x08001e9f   Thumb Code    26  stm32f10x_rcc.o(.text)
    RCC_BackupResetCmd                       0x08001eb9   Thumb Code     8  stm32f10x_rcc.o(.text)
    RCC_ClockSecuritySystemCmd               0x08001ec1   Thumb Code     6  stm32f10x_rcc.o(.text)
    RCC_MCOConfig                            0x08001ec7   Thumb Code     6  stm32f10x_rcc.o(.text)
    RCC_ClearFlag                            0x08001ecd   Thumb Code    14  stm32f10x_rcc.o(.text)
    RCC_GetITStatus                          0x08001edb   Thumb Code    20  stm32f10x_rcc.o(.text)
    RCC_ClearITPendingBit                    0x08001eef   Thumb Code     6  stm32f10x_rcc.o(.text)
    TIM_DeInit                               0x08001f19   Thumb Code   424  stm32f10x_tim.o(.text)
    TIM_TimeBaseInit                         0x080020c1   Thumb Code   122  stm32f10x_tim.o(.text)
    TIM_OC1Init                              0x0800213b   Thumb Code   132  stm32f10x_tim.o(.text)
    TIM_OC2Init                              0x080021bf   Thumb Code   154  stm32f10x_tim.o(.text)
    TIM_OC3Init                              0x08002259   Thumb Code   150  stm32f10x_tim.o(.text)
    TIM_OC4Init                              0x080022ef   Thumb Code   182  stm32f10x_tim.o(.text)
    TIM_SetIC4Prescaler                      0x080023a5   Thumb Code    26  stm32f10x_tim.o(.text)
    TIM_SetIC3Prescaler                      0x08002441   Thumb Code    18  stm32f10x_tim.o(.text)
    TIM_SetIC2Prescaler                      0x080024cd   Thumb Code    26  stm32f10x_tim.o(.text)
    TIM_SetIC1Prescaler                      0x08002569   Thumb Code    18  stm32f10x_tim.o(.text)
    TIM_ICInit                               0x080025e7   Thumb Code   150  stm32f10x_tim.o(.text)
    TIM_PWMIConfig                           0x0800267d   Thumb Code   124  stm32f10x_tim.o(.text)
    TIM_BDTRConfig                           0x080026f9   Thumb Code    32  stm32f10x_tim.o(.text)
    TIM_TimeBaseStructInit                   0x08002719   Thumb Code    18  stm32f10x_tim.o(.text)
    TIM_OCStructInit                         0x0800272b   Thumb Code    20  stm32f10x_tim.o(.text)
    TIM_ICStructInit                         0x0800273f   Thumb Code    18  stm32f10x_tim.o(.text)
    TIM_BDTRStructInit                       0x08002751   Thumb Code    40  stm32f10x_tim.o(.text)
    TIM_Cmd                                  0x08002779   Thumb Code    24  stm32f10x_tim.o(.text)
    TIM_CtrlPWMOutputs                       0x08002791   Thumb Code    30  stm32f10x_tim.o(.text)
    TIM_ITConfig                             0x080027af   Thumb Code    18  stm32f10x_tim.o(.text)
    TIM_GenerateEvent                        0x080027c1   Thumb Code     4  stm32f10x_tim.o(.text)
    TIM_DMAConfig                            0x080027c5   Thumb Code    10  stm32f10x_tim.o(.text)
    TIM_DMACmd                               0x080027cf   Thumb Code    18  stm32f10x_tim.o(.text)
    TIM_InternalClockConfig                  0x080027e1   Thumb Code    12  stm32f10x_tim.o(.text)
    TIM_SelectInputTrigger                   0x080027ed   Thumb Code    18  stm32f10x_tim.o(.text)
    TIM_ITRxExternalClockConfig              0x080027ff   Thumb Code    24  stm32f10x_tim.o(.text)
    TIM_TIxExternalClockConfig               0x08002817   Thumb Code    62  stm32f10x_tim.o(.text)
    TIM_ETRConfig                            0x08002855   Thumb Code    28  stm32f10x_tim.o(.text)
    TIM_ETRClockMode1Config                  0x08002871   Thumb Code    54  stm32f10x_tim.o(.text)
    TIM_ETRClockMode2Config                  0x080028a7   Thumb Code    32  stm32f10x_tim.o(.text)
    TIM_PrescalerConfig                      0x080028c7   Thumb Code     6  stm32f10x_tim.o(.text)
    TIM_CounterModeConfig                    0x080028cd   Thumb Code    18  stm32f10x_tim.o(.text)
    TIM_EncoderInterfaceConfig               0x080028df   Thumb Code    66  stm32f10x_tim.o(.text)
    TIM_ForcedOC1Config                      0x08002921   Thumb Code    18  stm32f10x_tim.o(.text)
    TIM_ForcedOC2Config                      0x08002933   Thumb Code    26  stm32f10x_tim.o(.text)
    TIM_ForcedOC3Config                      0x0800294d   Thumb Code    18  stm32f10x_tim.o(.text)
    TIM_ForcedOC4Config                      0x0800295f   Thumb Code    26  stm32f10x_tim.o(.text)
    TIM_ARRPreloadConfig                     0x08002979   Thumb Code    24  stm32f10x_tim.o(.text)
    TIM_SelectCOM                            0x08002991   Thumb Code    24  stm32f10x_tim.o(.text)
    TIM_SelectCCDMA                          0x080029a9   Thumb Code    24  stm32f10x_tim.o(.text)
    TIM_CCPreloadControl                     0x080029c1   Thumb Code    24  stm32f10x_tim.o(.text)
    TIM_OC1PreloadConfig                     0x080029d9   Thumb Code    18  stm32f10x_tim.o(.text)
    TIM_OC2PreloadConfig                     0x080029eb   Thumb Code    26  stm32f10x_tim.o(.text)
    TIM_OC3PreloadConfig                     0x08002a05   Thumb Code    18  stm32f10x_tim.o(.text)
    TIM_OC4PreloadConfig                     0x08002a17   Thumb Code    26  stm32f10x_tim.o(.text)
    TIM_OC1FastConfig                        0x08002a31   Thumb Code    18  stm32f10x_tim.o(.text)
    TIM_OC2FastConfig                        0x08002a43   Thumb Code    26  stm32f10x_tim.o(.text)
    TIM_OC3FastConfig                        0x08002a5d   Thumb Code    18  stm32f10x_tim.o(.text)
    TIM_OC4FastConfig                        0x08002a6f   Thumb Code    26  stm32f10x_tim.o(.text)
    TIM_ClearOC1Ref                          0x08002a89   Thumb Code    18  stm32f10x_tim.o(.text)
    TIM_ClearOC2Ref                          0x08002a9b   Thumb Code    24  stm32f10x_tim.o(.text)
    TIM_ClearOC3Ref                          0x08002ab3   Thumb Code    18  stm32f10x_tim.o(.text)
    TIM_ClearOC4Ref                          0x08002ac5   Thumb Code    24  stm32f10x_tim.o(.text)
    TIM_OC1PolarityConfig                    0x08002add   Thumb Code    18  stm32f10x_tim.o(.text)
    TIM_OC1NPolarityConfig                   0x08002aef   Thumb Code    18  stm32f10x_tim.o(.text)
    TIM_OC2PolarityConfig                    0x08002b01   Thumb Code    26  stm32f10x_tim.o(.text)
    TIM_OC2NPolarityConfig                   0x08002b1b   Thumb Code    26  stm32f10x_tim.o(.text)
    TIM_OC3PolarityConfig                    0x08002b35   Thumb Code    26  stm32f10x_tim.o(.text)
    TIM_OC3NPolarityConfig                   0x08002b4f   Thumb Code    26  stm32f10x_tim.o(.text)
    TIM_OC4PolarityConfig                    0x08002b69   Thumb Code    26  stm32f10x_tim.o(.text)
    TIM_CCxCmd                               0x08002b83   Thumb Code    30  stm32f10x_tim.o(.text)
    TIM_CCxNCmd                              0x08002ba1   Thumb Code    30  stm32f10x_tim.o(.text)
    TIM_SelectOCxM                           0x08002bbf   Thumb Code    82  stm32f10x_tim.o(.text)
    TIM_UpdateDisableConfig                  0x08002c11   Thumb Code    24  stm32f10x_tim.o(.text)
    TIM_UpdateRequestConfig                  0x08002c29   Thumb Code    24  stm32f10x_tim.o(.text)
    TIM_SelectHallSensor                     0x08002c41   Thumb Code    24  stm32f10x_tim.o(.text)
    TIM_SelectOnePulseMode                   0x08002c59   Thumb Code    18  stm32f10x_tim.o(.text)
    TIM_SelectOutputTrigger                  0x08002c6b   Thumb Code    18  stm32f10x_tim.o(.text)
    TIM_SelectSlaveMode                      0x08002c7d   Thumb Code    18  stm32f10x_tim.o(.text)
    TIM_SelectMasterSlaveMode                0x08002c8f   Thumb Code    18  stm32f10x_tim.o(.text)
    TIM_SetCounter                           0x08002ca1   Thumb Code     4  stm32f10x_tim.o(.text)
    TIM_SetAutoreload                        0x08002ca5   Thumb Code     4  stm32f10x_tim.o(.text)
    TIM_SetCompare1                          0x08002ca9   Thumb Code     4  stm32f10x_tim.o(.text)
    TIM_SetCompare2                          0x08002cad   Thumb Code     4  stm32f10x_tim.o(.text)
    TIM_SetCompare3                          0x08002cb1   Thumb Code     4  stm32f10x_tim.o(.text)
    TIM_SetCompare4                          0x08002cb5   Thumb Code     6  stm32f10x_tim.o(.text)
    TIM_SetClockDivision                     0x08002cbb   Thumb Code    18  stm32f10x_tim.o(.text)
    TIM_GetCapture1                          0x08002ccd   Thumb Code     6  stm32f10x_tim.o(.text)
    TIM_GetCapture2                          0x08002cd3   Thumb Code     6  stm32f10x_tim.o(.text)
    TIM_GetCapture3                          0x08002cd9   Thumb Code     6  stm32f10x_tim.o(.text)
    TIM_GetCapture4                          0x08002cdf   Thumb Code     8  stm32f10x_tim.o(.text)
    TIM_GetCounter                           0x08002ce7   Thumb Code     6  stm32f10x_tim.o(.text)
    TIM_GetPrescaler                         0x08002ced   Thumb Code     6  stm32f10x_tim.o(.text)
    TIM_GetFlagStatus                        0x08002cf3   Thumb Code    18  stm32f10x_tim.o(.text)
    TIM_ClearFlag                            0x08002d05   Thumb Code     6  stm32f10x_tim.o(.text)
    TIM_GetITStatus                          0x08002d0b   Thumb Code    34  stm32f10x_tim.o(.text)
    TIM_ClearITPendingBit                    0x08002d2d   Thumb Code     6  stm32f10x_tim.o(.text)
    USART_DeInit                             0x08002d35   Thumb Code   134  stm32f10x_usart.o(.text)
    USART_Init                               0x08002dbb   Thumb Code   210  stm32f10x_usart.o(.text)
    USART_StructInit                         0x08002e8d   Thumb Code    24  stm32f10x_usart.o(.text)
    USART_ClockInit                          0x08002ea5   Thumb Code    34  stm32f10x_usart.o(.text)
    USART_ClockStructInit                    0x08002ec7   Thumb Code    12  stm32f10x_usart.o(.text)
    USART_Cmd                                0x08002ed3   Thumb Code    24  stm32f10x_usart.o(.text)
    USART_ITConfig                           0x08002eeb   Thumb Code    74  stm32f10x_usart.o(.text)
    USART_DMACmd                             0x08002f35   Thumb Code    18  stm32f10x_usart.o(.text)
    USART_SetAddress                         0x08002f47   Thumb Code    18  stm32f10x_usart.o(.text)
    USART_WakeUpConfig                       0x08002f59   Thumb Code    18  stm32f10x_usart.o(.text)
    USART_ReceiverWakeUpCmd                  0x08002f6b   Thumb Code    24  stm32f10x_usart.o(.text)
    USART_LINBreakDetectLengthConfig         0x08002f83   Thumb Code    18  stm32f10x_usart.o(.text)
    USART_LINCmd                             0x08002f95   Thumb Code    24  stm32f10x_usart.o(.text)
    USART_SendData                           0x08002fad   Thumb Code     8  stm32f10x_usart.o(.text)
    USART_ReceiveData                        0x08002fb5   Thumb Code    10  stm32f10x_usart.o(.text)
    USART_SendBreak                          0x08002fbf   Thumb Code    10  stm32f10x_usart.o(.text)
    USART_SetGuardTime                       0x08002fc9   Thumb Code    16  stm32f10x_usart.o(.text)
    USART_SetPrescaler                       0x08002fd9   Thumb Code    16  stm32f10x_usart.o(.text)
    USART_SmartCardCmd                       0x08002fe9   Thumb Code    24  stm32f10x_usart.o(.text)
    USART_SmartCardNACKCmd                   0x08003001   Thumb Code    24  stm32f10x_usart.o(.text)
    USART_HalfDuplexCmd                      0x08003019   Thumb Code    24  stm32f10x_usart.o(.text)
    USART_OverSampling8Cmd                   0x08003031   Thumb Code    22  stm32f10x_usart.o(.text)
    USART_OneBitMethodCmd                    0x08003047   Thumb Code    24  stm32f10x_usart.o(.text)
    USART_IrDAConfig                         0x0800305f   Thumb Code    18  stm32f10x_usart.o(.text)
    USART_IrDACmd                            0x08003071   Thumb Code    24  stm32f10x_usart.o(.text)
    USART_GetFlagStatus                      0x08003089   Thumb Code    26  stm32f10x_usart.o(.text)
    USART_ClearFlag                          0x080030a3   Thumb Code    18  stm32f10x_usart.o(.text)
    USART_GetITStatus                        0x080030b5   Thumb Code    84  stm32f10x_usart.o(.text)
    USART_ClearITPendingBit                  0x08003109   Thumb Code    52  stm32f10x_usart.o(.text)
    gizwitsEventProcess                      0x0800313d   Thumb Code   190  gizwits_product.o(.text)
    mcuRestart                               0x080031fb   Thumb Code    38  gizwits_product.o(.text)
    gizTimerMs                               0x08003221   Thumb Code    12  gizwits_product.o(.text)
    gizGetTimerCount                         0x0800322d   Thumb Code     6  gizwits_product.o(.text)
    TIMER_IRQ_FUN                            0x08003233   Thumb Code     8  gizwits_product.o(.text)
    UART_IRQ_FUN                             0x0800323b   Thumb Code    16  gizwits_product.o(.text)
    uartWrite                                0x0800324b   Thumb Code   124  gizwits_product.o(.text)
    gizPutData                               0x0800357b   Thumb Code    52  gizwits_protocol.o(.text)
    gizwitsInit                              0x08004825   Thumb Code   536  gizwits_protocol.o(.text)
    gizwitsSetMode                           0x08004a3d   Thumb Code   510  gizwits_protocol.o(.text)
    gizwitsGetNTP                            0x08004c3b   Thumb Code    94  gizwits_protocol.o(.text)
    gizwitsHandle                            0x08004c99   Thumb Code   812  gizwits_protocol.o(.text)
    gizwitsPassthroughData                   0x08004fc5   Thumb Code   170  gizwits_protocol.o(.text)
    __use_no_semihosting                     0x080050a5   Thumb Code     2  use_no_semi_2.o(.text)
    toupper                                  0x080050a7   Thumb Code    30  toupper.o(.text)
    __2printf                                0x080050c5   Thumb Code    20  noretval__2printf.o(.text)
    _printf_pre_padding                      0x080050dd   Thumb Code    44  _printf_pad.o(.text)
    _printf_post_padding                     0x08005109   Thumb Code    34  _printf_pad.o(.text)
    _printf_int_dec                          0x0800512d   Thumb Code   104  _printf_dec.o(.text)
    _printf_int_hex                          0x080051a5   Thumb Code    84  _printf_hex_int.o(.text)
    _printf_longlong_hex                     0x080051a5   Thumb Code     0  _printf_hex_int.o(.text)
    __printf                                 0x080051fd   Thumb Code   308  __printf_flags_wp.o(.text)
    strstr                                   0x08005335   Thumb Code    36  strstr.o(.text)
    strlen                                   0x08005359   Thumb Code    62  strlen.o(.text)
    __aeabi_memcpy                           0x08005397   Thumb Code     0  rt_memcpy_v6.o(.text)
    __rt_memcpy                              0x08005397   Thumb Code   138  rt_memcpy_v6.o(.text)
    _memcpy_lastbytes                        0x080053fd   Thumb Code     0  rt_memcpy_v6.o(.text)
    __aeabi_memcpy4                          0x08005421   Thumb Code     0  rt_memcpy_w.o(.text)
    __aeabi_memcpy8                          0x08005421   Thumb Code     0  rt_memcpy_w.o(.text)
    __rt_memcpy_w                            0x08005421   Thumb Code   100  rt_memcpy_w.o(.text)
    _memcpy_lastbytes_aligned                0x08005469   Thumb Code     0  rt_memcpy_w.o(.text)
    __aeabi_memclr                           0x08005485   Thumb Code     0  rt_memclr.o(.text)
    __rt_memclr                              0x08005485   Thumb Code    68  rt_memclr.o(.text)
    _memset                                  0x08005489   Thumb Code     0  rt_memclr.o(.text)
    __use_two_region_memory                  0x080054c9   Thumb Code     2  heapauxi.o(.text)
    __rt_heap_escrow$2region                 0x080054cb   Thumb Code     2  heapauxi.o(.text)
    __rt_heap_expand$2region                 0x080054cd   Thumb Code     2  heapauxi.o(.text)
    __I$use$semihosting                      0x080054cf   Thumb Code     0  use_no_semi.o(.text)
    __use_no_semihosting_swi                 0x080054cf   Thumb Code     2  use_no_semi.o(.text)
    __rt_ctype_table                         0x080054d1   Thumb Code    16  rt_ctype_table.o(.text)
    _printf_int_common                       0x080054e1   Thumb Code   178  _printf_intcommon.o(.text)
    _printf_char_file                        0x08005595   Thumb Code    32  _printf_char_file.o(.text)
    __aeabi_memclr4                          0x080055b9   Thumb Code     0  rt_memclr_w.o(.text)
    __aeabi_memclr8                          0x080055b9   Thumb Code     0  rt_memclr_w.o(.text)
    __rt_memclr_w                            0x080055b9   Thumb Code    78  rt_memclr_w.o(.text)
    _memset_w                                0x080055bd   Thumb Code     0  rt_memclr_w.o(.text)
    __rt_locale                              0x08005609   Thumb Code     8  rt_locale_intlibspace.o(.text)
    _printf_char_common                      0x0800561b   Thumb Code    32  _printf_char_common.o(.text)
    ferror                                   0x08005641   Thumb Code     8  ferror.o(.text)
    __user_libspace                          0x08005649   Thumb Code     8  libspace.o(.text)
    __user_perproc_libspace                  0x08005649   Thumb Code     0  libspace.o(.text)
    __user_perthread_libspace                0x08005649   Thumb Code     0  libspace.o(.text)
    __user_setup_stackheap                   0x08005651   Thumb Code    74  sys_stackheap_outer.o(.text)
    exit                                     0x0800569b   Thumb Code    12  exit.o(.text)
    strcmp                                   0x080056a9   Thumb Code   128  strcmpv7m.o(.text)
    _is_digit                                0x08005729   Thumb Code    14  __printf_wp.o(i._is_digit)
    _get_lc_ctype                            0x08005739   Thumb Code    44  lc_ctype_c.o(locale$$code)
    __aeabi_fadd                             0x08005765   Thumb Code     0  faddsub_clz.o(x$fpl$fadd)
    _fadd                                    0x08005765   Thumb Code   196  faddsub_clz.o(x$fpl$fadd)
    __aeabi_fdiv                             0x08005829   Thumb Code     0  fdiv.o(x$fpl$fdiv)
    _fdiv                                    0x08005829   Thumb Code   384  fdiv.o(x$fpl$fdiv)
    __aeabi_f2uiz                            0x080059ad   Thumb Code     0  ffixu.o(x$fpl$ffixu)
    _ffixu                                   0x080059ad   Thumb Code    62  ffixu.o(x$fpl$ffixu)
    __aeabi_ui2f                             0x080059ed   Thumb Code     0  fflt_clz.o(x$fpl$ffltu)
    _ffltu                                   0x080059ed   Thumb Code    38  fflt_clz.o(x$fpl$ffltu)
    __aeabi_fmul                             0x08005a15   Thumb Code     0  fmul.o(x$fpl$fmul)
    _fmul                                    0x08005a15   Thumb Code   258  fmul.o(x$fpl$fmul)
    __fpl_fnaninf                            0x08005b17   Thumb Code   140  fnaninf.o(x$fpl$fnaninf)
    __fpl_fretinf                            0x08005ba3   Thumb Code    10  fretinf.o(x$fpl$fretinf)
    __aeabi_fsub                             0x08005bad   Thumb Code     0  faddsub_clz.o(x$fpl$fsub)
    _fsub                                    0x08005bad   Thumb Code   234  faddsub_clz.o(x$fpl$fsub)
    __I$use$fp                               0x08005c96   Number         0  usenofp.o(x$fpl$usenofp)
    Region$$Table$$Base                      0x08005d48   Number         0  anon$$obj.o(Region$$Table)
    Region$$Table$$Limit                     0x08005d68   Number         0  anon$$obj.o(Region$$Table)
    __ctype                                  0x08005d75   Data           0  lc_ctype_c.o(locale$$data)
    wifi_sta                                 0x20000000   Data           1  main.o(.data)
    SystemCoreClock                          0x20000004   Data           4  system_stm32f10x.o(.data)
    AHBPrescTable                            0x20000008   Data          16  system_stm32f10x.o(.data)
    USART2_RX_STA                            0x20000018   Data           2  usart2.o(.data)
    __stdout                                 0x20000020   Data           4  usart.o(.data)
    USART_RX_STA                             0x20000024   Data           2  usart.o(.data)
    currentDataPoint                         0x2000004c   Data          12  main.o(.bss)
    gpsx                                     0x20000058   Data         166  main.o(.bss)
    USART2_TX_BUF                            0x20000100   Data        1024  usart2.o(.bss)
    USART2_RX_BUF                            0x20000500   Data        1024  usart2.o(.bss)
    USART_RX_BUF                             0x20000900   Data         200  usart.o(.bss)
    gizwitsProtocol                          0x200009c8   Data        2975  gizwits_protocol.o(.bss)
    pRb                                      0x20001567   Data          16  gizwits_protocol.o(.bss)
    __libspace_start                         0x20001ce4   Data          96  libspace.o(.bss)
    __temporary_stack_top$libspace           0x20001d44   Data           0  libspace.o(.bss)



==============================================================================

Memory Map of the image

  Image Entry point : 0x08000131

  Load Region LR_IROM1 (Base: 0x08000000, Size: 0x00005ec4, Max: 0x00040000, ABSOLUTE)

    Execution Region ER_IROM1 (Base: 0x08000000, Size: 0x00005e78, Max: 0x00040000, ABSOLUTE)

    Base Addr    Size         Type   Attr      Idx    E Section Name        Object

    0x08000000   0x00000130   Data   RO          388    RESET               startup_stm32f10x_hd.o
    0x08000130   0x00000008   Code   RO          590  * !!!main             c_w.l(__main.o)
    0x08000138   0x00000034   Code   RO          798    !!!scatter          c_w.l(__scatter.o)
    0x0800016c   0x0000001a   Code   RO          800    !!handler_copy      c_w.l(__scatter_copy.o)
    0x08000186   0x00000002   PAD
    0x08000188   0x0000001c   Code   RO          802    !!handler_zi        c_w.l(__scatter_zi.o)
    0x080001a4   0x00000000   Code   RO          577    .ARM.Collect$$_printf_percent$$00000000  c_w.l(_printf_percent.o)
    0x080001a4   0x00000006   Code   RO          576    .ARM.Collect$$_printf_percent$$00000009  c_w.l(_printf_d.o)
    0x080001aa   0x00000006   Code   RO          575    .ARM.Collect$$_printf_percent$$0000000C  c_w.l(_printf_x.o)
    0x080001b0   0x00000004   Code   RO          623    .ARM.Collect$$_printf_percent$$00000017  c_w.l(_printf_percent_end.o)
    0x080001b4   0x00000002   Code   RO          676    .ARM.Collect$$libinit$$00000000  c_w.l(libinit.o)
    0x080001b6   0x00000000   Code   RO          678    .ARM.Collect$$libinit$$00000002  c_w.l(libinit2.o)
    0x080001b6   0x00000000   Code   RO          680    .ARM.Collect$$libinit$$00000004  c_w.l(libinit2.o)
    0x080001b6   0x00000000   Code   RO          683    .ARM.Collect$$libinit$$0000000A  c_w.l(libinit2.o)
    0x080001b6   0x00000000   Code   RO          685    .ARM.Collect$$libinit$$0000000C  c_w.l(libinit2.o)
    0x080001b6   0x00000000   Code   RO          687    .ARM.Collect$$libinit$$0000000E  c_w.l(libinit2.o)
    0x080001b6   0x00000006   Code   RO          688    .ARM.Collect$$libinit$$0000000F  c_w.l(libinit2.o)
    0x080001bc   0x00000000   Code   RO          690    .ARM.Collect$$libinit$$00000011  c_w.l(libinit2.o)
    0x080001bc   0x0000000c   Code   RO          691    .ARM.Collect$$libinit$$00000012  c_w.l(libinit2.o)
    0x080001c8   0x00000000   Code   RO          692    .ARM.Collect$$libinit$$00000013  c_w.l(libinit2.o)
    0x080001c8   0x00000000   Code   RO          694    .ARM.Collect$$libinit$$00000015  c_w.l(libinit2.o)
    0x080001c8   0x00000000   Code   RO          696    .ARM.Collect$$libinit$$00000017  c_w.l(libinit2.o)
    0x080001c8   0x00000000   Code   RO          698    .ARM.Collect$$libinit$$00000019  c_w.l(libinit2.o)
    0x080001c8   0x00000000   Code   RO          700    .ARM.Collect$$libinit$$0000001B  c_w.l(libinit2.o)
    0x080001c8   0x00000000   Code   RO          702    .ARM.Collect$$libinit$$0000001D  c_w.l(libinit2.o)
    0x080001c8   0x00000000   Code   RO          704    .ARM.Collect$$libinit$$0000001F  c_w.l(libinit2.o)
    0x080001c8   0x00000000   Code   RO          706    .ARM.Collect$$libinit$$00000021  c_w.l(libinit2.o)
    0x080001c8   0x00000000   Code   RO          708    .ARM.Collect$$libinit$$00000023  c_w.l(libinit2.o)
    0x080001c8   0x00000000   Code   RO          710    .ARM.Collect$$libinit$$00000025  c_w.l(libinit2.o)
    0x080001c8   0x00000000   Code   RO          714    .ARM.Collect$$libinit$$0000002C  c_w.l(libinit2.o)
    0x080001c8   0x00000000   Code   RO          716    .ARM.Collect$$libinit$$0000002E  c_w.l(libinit2.o)
    0x080001c8   0x00000000   Code   RO          718    .ARM.Collect$$libinit$$00000030  c_w.l(libinit2.o)
    0x080001c8   0x00000000   Code   RO          720    .ARM.Collect$$libinit$$00000032  c_w.l(libinit2.o)
    0x080001c8   0x00000002   Code   RO          721    .ARM.Collect$$libinit$$00000033  c_w.l(libinit2.o)
    0x080001ca   0x00000002   Code   RO          749    .ARM.Collect$$libshutdown$$00000000  c_w.l(libshutdown.o)
    0x080001cc   0x00000000   Code   RO          759    .ARM.Collect$$libshutdown$$00000003  c_w.l(libshutdown2.o)
    0x080001cc   0x00000000   Code   RO          762    .ARM.Collect$$libshutdown$$00000006  c_w.l(libshutdown2.o)
    0x080001cc   0x00000000   Code   RO          765    .ARM.Collect$$libshutdown$$00000009  c_w.l(libshutdown2.o)
    0x080001cc   0x00000000   Code   RO          767    .ARM.Collect$$libshutdown$$0000000B  c_w.l(libshutdown2.o)
    0x080001cc   0x00000000   Code   RO          770    .ARM.Collect$$libshutdown$$0000000E  c_w.l(libshutdown2.o)
    0x080001cc   0x00000002   Code   RO          771    .ARM.Collect$$libshutdown$$0000000F  c_w.l(libshutdown2.o)
    0x080001ce   0x00000000   Code   RO          616    .ARM.Collect$$rtentry$$00000000  c_w.l(__rtentry.o)
    0x080001ce   0x00000000   Code   RO          632    .ARM.Collect$$rtentry$$00000002  c_w.l(__rtentry2.o)
    0x080001ce   0x00000006   Code   RO          644    .ARM.Collect$$rtentry$$00000004  c_w.l(__rtentry4.o)
    0x080001d4   0x00000000   Code   RO          634    .ARM.Collect$$rtentry$$00000009  c_w.l(__rtentry2.o)
    0x080001d4   0x00000004   Code   RO          635    .ARM.Collect$$rtentry$$0000000A  c_w.l(__rtentry2.o)
    0x080001d8   0x00000000   Code   RO          637    .ARM.Collect$$rtentry$$0000000C  c_w.l(__rtentry2.o)
    0x080001d8   0x00000008   Code   RO          638    .ARM.Collect$$rtentry$$0000000D  c_w.l(__rtentry2.o)
    0x080001e0   0x00000002   Code   RO          722    .ARM.Collect$$rtexit$$00000000  c_w.l(rtexit.o)
    0x080001e2   0x00000000   Code   RO          729    .ARM.Collect$$rtexit$$00000002  c_w.l(rtexit2.o)
    0x080001e2   0x00000004   Code   RO          730    .ARM.Collect$$rtexit$$00000003  c_w.l(rtexit2.o)
    0x080001e6   0x00000006   Code   RO          731    .ARM.Collect$$rtexit$$00000004  c_w.l(rtexit2.o)
    0x080001ec   0x00000198   Code   RO            1    .text               main.o
    0x08000384   0x0000001a   Code   RO          163    .text               stm32f10x_it.o
    0x0800039e   0x00000002   PAD
    0x080003a0   0x000001e0   Code   RO          204    .text               system_stm32f10x.o
    0x08000580   0x000001bc   Code   RO          222    .text               usart2.o
    0x0800073c   0x000000d0   Code   RO          241    .text               usart3.o
    0x0800080c   0x00000778   Code   RO          253    .text               gps.o
    0x08000f84   0x00000058   Code   RO          272    .text               led.o
    0x08000fdc   0x000000fc   Code   RO          284    .text               key.o
    0x080010d8   0x00000078   Code   RO          297    .text               timer.o
    0x08001150   0x00000398   Code   RO          309    .text               common.o
    0x080014e8   0x000000d4   Code   RO          322    .text               delay.o
    0x080015bc   0x00000140   Code   RO          353    .text               usart.o
    0x080016fc   0x00000040   Code   RO          389    .text               startup_stm32f10x_hd.o
    0x0800173c   0x000000dc   Code   RO          393    .text               misc.o
    0x08001818   0x0000035c   Code   RO          405    .text               stm32f10x_gpio.o
    0x08001b74   0x000003a4   Code   RO          417    .text               stm32f10x_rcc.o
    0x08001f18   0x00000e1a   Code   RO          431    .text               stm32f10x_tim.o
    0x08002d32   0x00000002   PAD
    0x08002d34   0x00000408   Code   RO          443    .text               stm32f10x_usart.o
    0x0800313c   0x00000228   Code   RO          467    .text               gizwits_product.o
    0x08003364   0x00001d40   Code   RO          486    .text               gizwits_protocol.o
    0x080050a4   0x00000002   Code   RO          520    .text               c_w.l(use_no_semi_2.o)
    0x080050a6   0x0000001e   Code   RO          522    .text               c_w.l(toupper.o)
    0x080050c4   0x00000018   Code   RO          526    .text               c_w.l(noretval__2printf.o)
    0x080050dc   0x0000004e   Code   RO          530    .text               c_w.l(_printf_pad.o)
    0x0800512a   0x00000002   PAD
    0x0800512c   0x00000078   Code   RO          532    .text               c_w.l(_printf_dec.o)
    0x080051a4   0x00000058   Code   RO          537    .text               c_w.l(_printf_hex_int.o)
    0x080051fc   0x00000138   Code   RO          567    .text               c_w.l(__printf_flags_wp.o)
    0x08005334   0x00000024   Code   RO          578    .text               c_w.l(strstr.o)
    0x08005358   0x0000003e   Code   RO          580    .text               c_w.l(strlen.o)
    0x08005396   0x0000008a   Code   RO          582    .text               c_w.l(rt_memcpy_v6.o)
    0x08005420   0x00000064   Code   RO          584    .text               c_w.l(rt_memcpy_w.o)
    0x08005484   0x00000044   Code   RO          586    .text               c_w.l(rt_memclr.o)
    0x080054c8   0x00000006   Code   RO          588    .text               c_w.l(heapauxi.o)
    0x080054ce   0x00000002   Code   RO          614    .text               c_w.l(use_no_semi.o)
    0x080054d0   0x00000010   Code   RO          617    .text               c_w.l(rt_ctype_table.o)
    0x080054e0   0x000000b2   Code   RO          619    .text               c_w.l(_printf_intcommon.o)
    0x08005592   0x00000002   PAD
    0x08005594   0x00000024   Code   RO          621    .text               c_w.l(_printf_char_file.o)
    0x080055b8   0x0000004e   Code   RO          624    .text               c_w.l(rt_memclr_w.o)
    0x08005606   0x00000002   PAD
    0x08005608   0x00000008   Code   RO          649    .text               c_w.l(rt_locale_intlibspace.o)
    0x08005610   0x00000030   Code   RO          651    .text               c_w.l(_printf_char_common.o)
    0x08005640   0x00000008   Code   RO          653    .text               c_w.l(ferror.o)
    0x08005648   0x00000008   Code   RO          660    .text               c_w.l(libspace.o)
    0x08005650   0x0000004a   Code   RO          663    .text               c_w.l(sys_stackheap_outer.o)
    0x0800569a   0x0000000c   Code   RO          667    .text               c_w.l(exit.o)
    0x080056a6   0x00000002   PAD
    0x080056a8   0x00000080   Code   RO          669    .text               c_w.l(strcmpv7m.o)
    0x08005728   0x0000000e   Code   RO          565    i._is_digit         c_w.l(__printf_wp.o)
    0x08005736   0x00000002   PAD
    0x08005738   0x0000002c   Code   RO          658    locale$$code        c_w.l(lc_ctype_c.o)
    0x08005764   0x000000c4   Code   RO          592    x$fpl$fadd          fz_ws.l(faddsub_clz.o)
    0x08005828   0x00000184   Code   RO          599    x$fpl$fdiv          fz_ws.l(fdiv.o)
    0x080059ac   0x0000003e   Code   RO          602    x$fpl$ffixu         fz_ws.l(ffixu.o)
    0x080059ea   0x00000002   PAD
    0x080059ec   0x00000026   Code   RO          606    x$fpl$ffltu         fz_ws.l(fflt_clz.o)
    0x08005a12   0x00000002   PAD
    0x08005a14   0x00000102   Code   RO          612    x$fpl$fmul          fz_ws.l(fmul.o)
    0x08005b16   0x0000008c   Code   RO          626    x$fpl$fnaninf       fz_ws.l(fnaninf.o)
    0x08005ba2   0x0000000a   Code   RO          628    x$fpl$fretinf       fz_ws.l(fretinf.o)
    0x08005bac   0x000000ea   Code   RO          594    x$fpl$fsub          fz_ws.l(faddsub_clz.o)
    0x08005c96   0x00000000   Code   RO          630    x$fpl$usenofp       fz_ws.l(usenofp.o)
    0x08005c96   0x00000002   PAD
    0x08005c98   0x00000030   Data   RO          310    .constdata          common.o
    0x08005cc8   0x00000028   Data   RO          538    .constdata          c_w.l(_printf_hex_int.o)
    0x08005cf0   0x00000011   Data   RO          568    .constdata          c_w.l(__printf_flags_wp.o)
    0x08005d01   0x00000003   PAD
    0x08005d04   0x00000041   Data   RO          488    .conststring        gizwits_protocol.o
    0x08005d45   0x00000003   PAD
    0x08005d48   0x00000020   Data   RO          796    Region$$Table       anon$$obj.o
    0x08005d68   0x00000110   Data   RO          657    locale$$data        c_w.l(lc_ctype_c.o)


    Execution Region RW_IRAM1 (Base: 0x20000000, Size: 0x00002f48, Max: 0x0000c000, ABSOLUTE)

    Base Addr    Size         Type   Attr      Idx    E Section Name        Object

    0x20000000   0x00000001   Data   RW            3    .data               main.o
    0x20000001   0x00000003   PAD
    0x20000004   0x00000014   Data   RW          205    .data               system_stm32f10x.o
    0x20000018   0x00000002   Data   RW          224    .data               usart2.o
    0x2000001a   0x00000001   Data   RW          285    .data               key.o
    0x2000001b   0x00000001   PAD
    0x2000001c   0x00000004   Data   RW          323    .data               delay.o
    0x20000020   0x00000006   Data   RW          355    .data               usart.o
    0x20000026   0x00000014   Data   RW          418    .data               stm32f10x_rcc.o
    0x2000003a   0x00000002   PAD
    0x2000003c   0x00000004   Data   RW          468    .data               gizwits_product.o
    0x20000040   0x0000000c   Data   RW          489    .data               gizwits_protocol.o
    0x2000004c   0x000000b2   Zero   RW            2    .bss                main.o
    0x200000fe   0x00000002   PAD
    0x20000100   0x00000800   Zero   RW          223    .bss                usart2.o
    0x20000900   0x000000c8   Zero   RW          354    .bss                usart.o
    0x200009c8   0x0000131b   Zero   RW          487    .bss                gizwits_protocol.o
    0x20001ce3   0x00000001   PAD
    0x20001ce4   0x00000060   Zero   RW          661    .bss                c_w.l(libspace.o)
    0x20001d44   0x00000004   PAD
    0x20001d48   0x00000200   Zero   RW          387    HEAP                startup_stm32f10x_hd.o
    0x20001f48   0x00001000   Zero   RW          386    STACK               startup_stm32f10x_hd.o


==============================================================================

Image component sizes


      Code (inc. data)   RO Data    RW Data    ZI Data      Debug   Object Name

       920          8         48          0          0       4201   common.o
       212         18          0          4          0       1103   delay.o
       552        176          0          4          0      18136   gizwits_product.o
      7488       2126         65         12       4891      15113   gizwits_protocol.o
      1912         54          0          0          0       4736   gps.o
       252         16          0          1          0        868   key.o
        88         16          0          0          0        539   led.o
       408        174          0          1        178     262912   main.o
       220         22          0          0          0       1881   misc.o
        64         26        304          0       4608        816   startup_stm32f10x_hd.o
       860         38          0          0          0       5725   stm32f10x_gpio.o
        26          0          0          0          0       1222   stm32f10x_it.o
       932         36          0         20          0       8936   stm32f10x_rcc.o
      3610         88          0          0          0      22208   stm32f10x_tim.o
      1032         22          0          0          0       8452   stm32f10x_usart.o
         0          0          0          0          0         32   sys.o
       480         38          0         20          0       1863   system_stm32f10x.o
       120          4          0          0          0        812   timer.o
       320         18          0          6        200       3254   usart.o
       444         20          0          2       2048       2363   usart2.o
       208          8          0          0          0        904   usart3.o

    ----------------------------------------------------------------------
     20152       2908        452         76      11928     366076   Object Totals
         0          0         32          0          0          0   (incl. Generated)
         4          0          3          6          3          0   (incl. Padding)

    ----------------------------------------------------------------------

      Code (inc. data)   RO Data    RW Data    ZI Data      Debug   Library Member Name

         8          0          0          0          0         68   __main.o
       312          4         17          0          0         92   __printf_flags_wp.o
        14          0          0          0          0         68   __printf_wp.o
         0          0          0          0          0          0   __rtentry.o
        12          0          0          0          0          0   __rtentry2.o
         6          0          0          0          0          0   __rtentry4.o
        52          8          0          0          0          0   __scatter.o
        26          0          0          0          0          0   __scatter_copy.o
        28          0          0          0          0          0   __scatter_zi.o
        48          6          0          0          0         96   _printf_char_common.o
        36          4          0          0          0         80   _printf_char_file.o
         6          0          0          0          0          0   _printf_d.o
       120         16          0          0          0         92   _printf_dec.o
        88          4         40          0          0         88   _printf_hex_int.o
       178          0          0          0          0         88   _printf_intcommon.o
        78          0          0          0          0        108   _printf_pad.o
         0          0          0          0          0          0   _printf_percent.o
         4          0          0          0          0          0   _printf_percent_end.o
         6          0          0          0          0          0   _printf_x.o
        12          0          0          0          0         72   exit.o
         8          0          0          0          0         68   ferror.o
         6          0          0          0          0        152   heapauxi.o
        44         10        272          0          0         76   lc_ctype_c.o
         2          0          0          0          0          0   libinit.o
        20          0          0          0          0          0   libinit2.o
         2          0          0          0          0          0   libshutdown.o
         2          0          0          0          0          0   libshutdown2.o
         8          4          0          0         96         68   libspace.o
        24          4          0          0          0         84   noretval__2printf.o
        16          4          0          0          0         76   rt_ctype_table.o
         8          4          0          0          0         68   rt_locale_intlibspace.o
        68          0          0          0          0         68   rt_memclr.o
        78          0          0          0          0         80   rt_memclr_w.o
       138          0          0          0          0         68   rt_memcpy_v6.o
       100          0          0          0          0         80   rt_memcpy_w.o
         2          0          0          0          0          0   rtexit.o
        10          0          0          0          0          0   rtexit2.o
       128          0          0          0          0         68   strcmpv7m.o
        62          0          0          0          0         76   strlen.o
        36          0          0          0          0         80   strstr.o
        74          0          0          0          0         80   sys_stackheap_outer.o
        30          0          0          0          0         76   toupper.o
         2          0          0          0          0         68   use_no_semi.o
         2          0          0          0          0         68   use_no_semi_2.o
       430          8          0          0          0        168   faddsub_clz.o
       388         76          0          0          0         96   fdiv.o
        62          4          0          0          0         84   ffixu.o
        38          0          0          0          0         68   fflt_clz.o
       258          4          0          0          0         84   fmul.o
       140          4          0          0          0         84   fnaninf.o
        10          0          0          0          0         68   fretinf.o
         0          0          0          0          0          0   usenofp.o

    ----------------------------------------------------------------------
      3248        164        332          0        100       2908   Library Totals
        18          0          3          0          4          0   (incl. Padding)

    ----------------------------------------------------------------------

      Code (inc. data)   RO Data    RW Data    ZI Data      Debug   Library Name

      1904         68        329          0         96       2256   c_w.l
      1326         96          0          0          0        652   fz_ws.l

    ----------------------------------------------------------------------
      3248        164        332          0        100       2908   Library Totals

    ----------------------------------------------------------------------

==============================================================================


      Code (inc. data)   RO Data    RW Data    ZI Data      Debug   

     23400       3072        784         76      12028     365808   Grand Totals
     23400       3072        784         76      12028     365808   ELF Image Totals
     23400       3072        784         76          0          0   ROM Totals

==============================================================================

    Total RO  Size (Code + RO Data)                24184 (  23.62kB)
    Total RW  Size (RW Data + ZI Data)             12104 (  11.82kB)
    Total ROM Size (Code + RO Data + RW Data)      24260 (  23.69kB)

==============================================================================

